Archive member included to satisfy reference by file (symbol)

c:/ST/GCC/bin/../lib/gcc/arm-none-eabi/13.3.1/../../../../arm-none-eabi/lib/thumb/v7e-m/nofp\libstdc++_nano.a(guard.o)
                              CMakeFiles/firmware.elf.dir/src/uart.cpp.obj (__cxa_guard_acquire)
c:/ST/GCC/bin/../lib/gcc/arm-none-eabi/13.3.1/../../../../arm-none-eabi/lib/thumb/v7e-m/nofp\libg_nano.a(libc_a-memset.o)
                              CMakeFiles/firmware.elf.dir/src/main.cpp.obj (memset)
c:/ST/GCC/bin/../lib/gcc/arm-none-eabi/13.3.1/../../../../arm-none-eabi/lib/thumb/v7e-m/nofp\libg_nano.a(libc_a-init.o)
                              CMakeFiles/firmware.elf.dir/startup_stm32g431xx.s.obj (__libc_init_array)

Discarded input sections

 .text          0x00000000        0x0 CMakeFiles/firmware.elf.dir/src/main.cpp.obj
 .data          0x00000000        0x0 CMakeFiles/firmware.elf.dir/src/main.cpp.obj
 .bss           0x00000000        0x0 CMakeFiles/firmware.elf.dir/src/main.cpp.obj
 .text          0x00000000        0x0 CMakeFiles/firmware.elf.dir/src/gpio.cpp.obj
 .data          0x00000000        0x0 CMakeFiles/firmware.elf.dir/src/gpio.cpp.obj
 .bss           0x00000000        0x0 CMakeFiles/firmware.elf.dir/src/gpio.cpp.obj
 .text._ZN4Gpio6toggleEv
                0x00000000       0x10 CMakeFiles/firmware.elf.dir/src/gpio.cpp.obj
 .text._ZN4Gpio12enable_clockEP12GPIO_TypeDef
                0x00000000       0x38 CMakeFiles/firmware.elf.dir/src/gpio.cpp.obj
 .text          0x00000000        0x0 CMakeFiles/firmware.elf.dir/src/system_stm32g4xx.c.obj
 .data          0x00000000        0x0 CMakeFiles/firmware.elf.dir/src/system_stm32g4xx.c.obj
 .bss           0x00000000        0x0 CMakeFiles/firmware.elf.dir/src/system_stm32g4xx.c.obj
 .rodata.APBPrescTable
                0x00000000        0x8 CMakeFiles/firmware.elf.dir/src/system_stm32g4xx.c.obj
 .text          0x00000000        0x0 CMakeFiles/firmware.elf.dir/src/crt_stubs.c.obj
 .data          0x00000000        0x0 CMakeFiles/firmware.elf.dir/src/crt_stubs.c.obj
 .bss           0x00000000        0x0 CMakeFiles/firmware.elf.dir/src/crt_stubs.c.obj
 .text          0x00000000        0x0 CMakeFiles/firmware.elf.dir/src/uart.cpp.obj
 .data          0x00000000        0x0 CMakeFiles/firmware.elf.dir/src/uart.cpp.obj
 .bss           0x00000000        0x0 CMakeFiles/firmware.elf.dir/src/uart.cpp.obj
 .text._ZN4UartC2EP13USART_TypeDefmNS_6ParityE
                0x00000000       0x14 CMakeFiles/firmware.elf.dir/src/uart.cpp.obj
 .text._ZN4Uart4sendEPKc
                0x00000000       0x1c CMakeFiles/firmware.elf.dir/src/uart.cpp.obj
 .text          0x00000000       0x14 CMakeFiles/firmware.elf.dir/startup_stm32g431xx.s.obj
 .data          0x00000000        0x0 CMakeFiles/firmware.elf.dir/startup_stm32g431xx.s.obj
 .bss           0x00000000        0x0 CMakeFiles/firmware.elf.dir/startup_stm32g431xx.s.obj
 .text          0x00000000        0x0 c:/ST/GCC/bin/../lib/gcc/arm-none-eabi/13.3.1/../../../../arm-none-eabi/lib/thumb/v7e-m/nofp\libstdc++_nano.a(guard.o)
 .data          0x00000000        0x0 c:/ST/GCC/bin/../lib/gcc/arm-none-eabi/13.3.1/../../../../arm-none-eabi/lib/thumb/v7e-m/nofp\libstdc++_nano.a(guard.o)
 .bss           0x00000000        0x0 c:/ST/GCC/bin/../lib/gcc/arm-none-eabi/13.3.1/../../../../arm-none-eabi/lib/thumb/v7e-m/nofp\libstdc++_nano.a(guard.o)
 .text.__cxa_guard_abort
                0x00000000        0x6 c:/ST/GCC/bin/../lib/gcc/arm-none-eabi/13.3.1/../../../../arm-none-eabi/lib/thumb/v7e-m/nofp\libstdc++_nano.a(guard.o)
 .text          0x00000000        0x0 c:/ST/GCC/bin/../lib/gcc/arm-none-eabi/13.3.1/../../../../arm-none-eabi/lib/thumb/v7e-m/nofp\libg_nano.a(libc_a-memset.o)
 .data          0x00000000        0x0 c:/ST/GCC/bin/../lib/gcc/arm-none-eabi/13.3.1/../../../../arm-none-eabi/lib/thumb/v7e-m/nofp\libg_nano.a(libc_a-memset.o)
 .bss           0x00000000        0x0 c:/ST/GCC/bin/../lib/gcc/arm-none-eabi/13.3.1/../../../../arm-none-eabi/lib/thumb/v7e-m/nofp\libg_nano.a(libc_a-memset.o)
 .text          0x00000000        0x0 c:/ST/GCC/bin/../lib/gcc/arm-none-eabi/13.3.1/../../../../arm-none-eabi/lib/thumb/v7e-m/nofp\libg_nano.a(libc_a-init.o)
 .data          0x00000000        0x0 c:/ST/GCC/bin/../lib/gcc/arm-none-eabi/13.3.1/../../../../arm-none-eabi/lib/thumb/v7e-m/nofp\libg_nano.a(libc_a-init.o)
 .bss           0x00000000        0x0 c:/ST/GCC/bin/../lib/gcc/arm-none-eabi/13.3.1/../../../../arm-none-eabi/lib/thumb/v7e-m/nofp\libg_nano.a(libc_a-init.o)

Memory Configuration

Name             Origin             Length             Attributes
FLASH            0x08000000         0x00020000         xr
RAM              0x20000000         0x00008000         xrw
*default*        0x00000000         0xffffffff

Linker script and memory map

LOAD CMakeFiles/firmware.elf.dir/src/main.cpp.obj
LOAD CMakeFiles/firmware.elf.dir/src/gpio.cpp.obj
LOAD CMakeFiles/firmware.elf.dir/src/system_stm32g4xx.c.obj
LOAD CMakeFiles/firmware.elf.dir/src/crt_stubs.c.obj
LOAD CMakeFiles/firmware.elf.dir/src/uart.cpp.obj
LOAD CMakeFiles/firmware.elf.dir/startup_stm32g431xx.s.obj
LOAD c:/ST/GCC/bin/../lib/gcc/arm-none-eabi/13.3.1/../../../../arm-none-eabi/lib/thumb/v7e-m/nofp\libstdc++_nano.a
LOAD c:/ST/GCC/bin/../lib/gcc/arm-none-eabi/13.3.1/../../../../arm-none-eabi/lib/thumb/v7e-m/nofp\libm.a
START GROUP
LOAD c:/ST/GCC/bin/../lib/gcc/arm-none-eabi/13.3.1/thumb/v7e-m/nofp\libgcc.a
LOAD c:/ST/GCC/bin/../lib/gcc/arm-none-eabi/13.3.1/../../../../arm-none-eabi/lib/thumb/v7e-m/nofp\libg_nano.a
LOAD c:/ST/GCC/bin/../lib/gcc/arm-none-eabi/13.3.1/../../../../arm-none-eabi/lib/thumb/v7e-m/nofp\libc_nano.a
END GROUP
START GROUP
LOAD c:/ST/GCC/bin/../lib/gcc/arm-none-eabi/13.3.1/thumb/v7e-m/nofp\libgcc.a
LOAD c:/ST/GCC/bin/../lib/gcc/arm-none-eabi/13.3.1/../../../../arm-none-eabi/lib/thumb/v7e-m/nofp\libc_nano.a
LOAD c:/ST/GCC/bin/../lib/gcc/arm-none-eabi/13.3.1/../../../../arm-none-eabi/lib/thumb/v7e-m/nofp\libnosys.a
END GROUP
START GROUP
LOAD c:/ST/GCC/bin/../lib/gcc/arm-none-eabi/13.3.1/thumb/v7e-m/nofp\libgcc.a
LOAD c:/ST/GCC/bin/../lib/gcc/arm-none-eabi/13.3.1/../../../../arm-none-eabi/lib/thumb/v7e-m/nofp\libc_nano.a
LOAD c:/ST/GCC/bin/../lib/gcc/arm-none-eabi/13.3.1/../../../../arm-none-eabi/lib/thumb/v7e-m/nofp\libnosys.a
END GROUP
                0x20008000                        _estack = (ORIGIN (RAM) + LENGTH (RAM))

.isr_vector     0x08000000      0x1d8
 *(.isr_vector)
 .isr_vector    0x08000000      0x1d8 CMakeFiles/firmware.elf.dir/startup_stm32g431xx.s.obj
                0x08000000                g_pfnVectors

.text           0x080001d8      0x70b
 *(.text*)
 .text.startup.main
                0x080001d8      0x138 CMakeFiles/firmware.elf.dir/src/main.cpp.obj
                0x080001d8                main
 .text._ZN4GpioC2EP12GPIO_TypeDefhNS_4ModeENS_3AFxE
                0x08000310       0xa8 CMakeFiles/firmware.elf.dir/src/gpio.cpp.obj
                0x08000310                Gpio::Gpio(GPIO_TypeDef*, unsigned char, Gpio::Mode, Gpio::AFx)
                0x08000310                Gpio::Gpio(GPIO_TypeDef*, unsigned char, Gpio::Mode, Gpio::AFx)
 .text._ZN4Gpio3setEv
                0x080003b8        0xc CMakeFiles/firmware.elf.dir/src/gpio.cpp.obj
                0x080003b8                Gpio::set()
 .text._ZN4Gpio5clearEv
                0x080003c4       0x10 CMakeFiles/firmware.elf.dir/src/gpio.cpp.obj
                0x080003c4                Gpio::clear()
 .text.SystemCoreClockUpdate
                0x080003d4       0x84 CMakeFiles/firmware.elf.dir/src/system_stm32g4xx.c.obj
                0x080003d4                SystemCoreClockUpdate
 .text.SystemInit
                0x08000458       0x84 CMakeFiles/firmware.elf.dir/src/system_stm32g4xx.c.obj
                0x08000458                SystemInit
 .text._init    0x080004dc        0x4 CMakeFiles/firmware.elf.dir/src/crt_stubs.c.obj
                0x080004dc                _init
 .text._fini    0x080004e0        0x4 CMakeFiles/firmware.elf.dir/src/crt_stubs.c.obj
                0x080004e0                _fini
 .text._ZN4Uart4initEmNS_6ParityE
                0x080004e4      0x114 CMakeFiles/firmware.elf.dir/src/uart.cpp.obj
                0x080004e4                Uart::init(unsigned long, Uart::Parity)
 .text._ZN4Uart11getInstanceEP13USART_TypeDefmNS_6ParityE
                0x080005f8       0xcc CMakeFiles/firmware.elf.dir/src/uart.cpp.obj
                0x080005f8                Uart::getInstance(USART_TypeDef*, unsigned long, Uart::Parity)
 .text._ZN4Uart8sendCharEc
                0x080006c4        0xc CMakeFiles/firmware.elf.dir/src/uart.cpp.obj
                0x080006c4                Uart::sendChar(char)
 .text._ZN4Uart5printEPKc
                0x080006d0       0x1c CMakeFiles/firmware.elf.dir/src/uart.cpp.obj
                0x080006d0                Uart::print(char const*)
 .text._ZN4Uart7newlineEv
                0x080006ec       0x20 CMakeFiles/firmware.elf.dir/src/uart.cpp.obj
                0x080006ec                Uart::newline()
 .text._ZN4Uart11receiveCharEv
                0x0800070c       0x10 CMakeFiles/firmware.elf.dir/src/uart.cpp.obj
                0x0800070c                Uart::receiveChar()
 .text._ZN4Uart8intToStrEiPc
                0x0800071c       0x64 CMakeFiles/firmware.elf.dir/src/uart.cpp.obj
                0x0800071c                Uart::intToStr(int, char*)
 .text._ZN4Uart7sendIntEi
                0x08000780       0x2c CMakeFiles/firmware.elf.dir/src/uart.cpp.obj
                0x08000780                Uart::sendInt(int)
 .text.Reset_Handler
                0x080007ac       0x50 CMakeFiles/firmware.elf.dir/startup_stm32g431xx.s.obj
                0x080007ac                Reset_Handler
 .text.Default_Handler
                0x080007fc        0x2 CMakeFiles/firmware.elf.dir/startup_stm32g431xx.s.obj
                0x080007fc                RTC_Alarm_IRQHandler
                0x080007fc                EXTI2_IRQHandler
                0x080007fc                TIM8_TRG_COM_IRQHandler
                0x080007fc                TIM8_CC_IRQHandler
                0x080007fc                DebugMon_Handler
                0x080007fc                TIM1_CC_IRQHandler
                0x080007fc                HardFault_Handler
                0x080007fc                USB_HP_IRQHandler
                0x080007fc                CORDIC_IRQHandler
                0x080007fc                SysTick_Handler
                0x080007fc                PendSV_Handler
                0x080007fc                NMI_Handler
                0x080007fc                EXTI3_IRQHandler
                0x080007fc                I2C3_ER_IRQHandler
                0x080007fc                EXTI0_IRQHandler
                0x080007fc                I2C2_EV_IRQHandler
                0x080007fc                FPU_IRQHandler
                0x080007fc                FDCAN1_IT1_IRQHandler
                0x080007fc                TIM1_UP_TIM16_IRQHandler
                0x080007fc                UsageFault_Handler
                0x080007fc                ADC1_2_IRQHandler
                0x080007fc                SPI1_IRQHandler
                0x080007fc                TIM6_DAC_IRQHandler
                0x080007fc                TIM8_UP_IRQHandler
                0x080007fc                DMA2_Channel2_IRQHandler
                0x080007fc                DMA1_Channel4_IRQHandler
                0x080007fc                USART3_IRQHandler
                0x080007fc                TIM4_IRQHandler
                0x080007fc                DMA2_Channel1_IRQHandler
                0x080007fc                I2C1_EV_IRQHandler
                0x080007fc                DMA1_Channel6_IRQHandler
                0x080007fc                UART4_IRQHandler
                0x080007fc                DMA2_Channel4_IRQHandler
                0x080007fc                TIM3_IRQHandler
                0x080007fc                RCC_IRQHandler
                0x080007fc                DMA1_Channel1_IRQHandler
                0x080007fc                Default_Handler
                0x080007fc                RTC_TAMP_LSECSS_IRQHandler
                0x080007fc                FMAC_IRQHandler
                0x080007fc                EXTI15_10_IRQHandler
                0x080007fc                TIM7_IRQHandler
                0x080007fc                UCPD1_IRQHandler
                0x080007fc                I2C3_EV_IRQHandler
                0x080007fc                EXTI9_5_IRQHandler
                0x080007fc                RTC_WKUP_IRQHandler
                0x080007fc                PVD_PVM_IRQHandler
                0x080007fc                SPI2_IRQHandler
                0x080007fc                MemManage_Handler
                0x080007fc                SVC_Handler
                0x080007fc                DMA2_Channel5_IRQHandler
                0x080007fc                CRS_IRQHandler
                0x080007fc                DMA1_Channel5_IRQHandler
                0x080007fc                USB_LP_IRQHandler
                0x080007fc                EXTI4_IRQHandler
                0x080007fc                RNG_IRQHandler
                0x080007fc                TIM1_TRG_COM_TIM17_IRQHandler
                0x080007fc                DMA1_Channel3_IRQHandler
                0x080007fc                WWDG_IRQHandler
                0x080007fc                LPUART1_IRQHandler
                0x080007fc                DMA2_Channel6_IRQHandler
                0x080007fc                FDCAN1_IT0_IRQHandler
                0x080007fc                TIM2_IRQHandler
                0x080007fc                COMP1_2_3_IRQHandler
                0x080007fc                EXTI1_IRQHandler
                0x080007fc                USART2_IRQHandler
                0x080007fc                I2C2_ER_IRQHandler
                0x080007fc                DMA1_Channel2_IRQHandler
                0x080007fc                TIM8_BRK_IRQHandler
                0x080007fc                FLASH_IRQHandler
                0x080007fc                BusFault_Handler
                0x080007fc                USART1_IRQHandler
                0x080007fc                SPI3_IRQHandler
                0x080007fc                I2C1_ER_IRQHandler
                0x080007fc                LPTIM1_IRQHandler
                0x080007fc                DMAMUX_OVR_IRQHandler
                0x080007fc                USBWakeUp_IRQHandler
                0x080007fc                SAI1_IRQHandler
                0x080007fc                DMA2_Channel3_IRQHandler
                0x080007fc                COMP4_IRQHandler
                0x080007fc                TIM1_BRK_TIM15_IRQHandler
 .text.__cxa_guard_acquire
                0x080007fe       0x18 c:/ST/GCC/bin/../lib/gcc/arm-none-eabi/13.3.1/../../../../arm-none-eabi/lib/thumb/v7e-m/nofp\libstdc++_nano.a(guard.o)
                0x080007fe                __cxa_guard_acquire
 .text.__cxa_guard_release
                0x08000816        0x6 c:/ST/GCC/bin/../lib/gcc/arm-none-eabi/13.3.1/../../../../arm-none-eabi/lib/thumb/v7e-m/nofp\libstdc++_nano.a(guard.o)
                0x08000816                __cxa_guard_release
 .text.memset   0x0800081c       0x10 c:/ST/GCC/bin/../lib/gcc/arm-none-eabi/13.3.1/../../../../arm-none-eabi/lib/thumb/v7e-m/nofp\libg_nano.a(libc_a-memset.o)
                0x0800081c                memset
 .text.__libc_init_array
                0x0800082c       0x48 c:/ST/GCC/bin/../lib/gcc/arm-none-eabi/13.3.1/../../../../arm-none-eabi/lib/thumb/v7e-m/nofp\libg_nano.a(libc_a-init.o)
                0x0800082c                __libc_init_array
 *(.rodata*)
 .rodata        0x08000874       0x5b CMakeFiles/firmware.elf.dir/src/main.cpp.obj
 *fill*         0x080008cf        0x1 
 .rodata.AHBPrescTable
                0x080008d0       0x10 CMakeFiles/firmware.elf.dir/src/system_stm32g4xx.c.obj
                0x080008d0                AHBPrescTable
 .rodata._ZN4Uart7newlineEv.str1.4
                0x080008e0        0x3 CMakeFiles/firmware.elf.dir/src/uart.cpp.obj

.glue_7         0x080008e4        0x0
 .glue_7        0x080008e4        0x0 linker stubs

.glue_7t        0x080008e4        0x0
 .glue_7t       0x080008e4        0x0 linker stubs

.vfp11_veneer   0x080008e4        0x0
 .vfp11_veneer  0x080008e4        0x0 linker stubs

.v4_bx          0x080008e4        0x0
 .v4_bx         0x080008e4        0x0 linker stubs

.iplt           0x080008e4        0x0
 .iplt          0x080008e4        0x0 CMakeFiles/firmware.elf.dir/src/main.cpp.obj

.rel.dyn        0x080008e4        0x0
 .rel.iplt      0x080008e4        0x0 CMakeFiles/firmware.elf.dir/src/main.cpp.obj

.data           0x20000000        0xc load address 0x080008e3
                0x20000000                        _sdata = .
 *(.data*)
 .data._ZN4Gpio1BE
                0x20000000        0x4 CMakeFiles/firmware.elf.dir/src/gpio.cpp.obj
                0x20000000                Gpio::B
 .data._ZN4Gpio1AE
                0x20000004        0x4 CMakeFiles/firmware.elf.dir/src/gpio.cpp.obj
                0x20000004                Gpio::A
 .data.SystemCoreClock
                0x20000008        0x4 CMakeFiles/firmware.elf.dir/src/system_stm32g4xx.c.obj
                0x20000008                SystemCoreClock
                0x2000000c                        _edata = .

.igot.plt       0x2000000c        0x0 load address 0x080008f0
 .igot.plt      0x2000000c        0x0 CMakeFiles/firmware.elf.dir/src/main.cpp.obj

.bss            0x2000000c       0x18 load address 0x080008f0
                0x2000000c                        _sbss = .
 *(.bss*)
 .bss._ZGVZN4Uart11getInstanceEP13USART_TypeDefmNS_6ParityEE14uart3_instance
                0x2000000c        0x4 CMakeFiles/firmware.elf.dir/src/uart.cpp.obj
 .bss._ZZN4Uart11getInstanceEP13USART_TypeDefmNS_6ParityEE14uart3_instance
                0x20000010        0x4 CMakeFiles/firmware.elf.dir/src/uart.cpp.obj
 .bss._ZGVZN4Uart11getInstanceEP13USART_TypeDefmNS_6ParityEE14uart2_instance
                0x20000014        0x4 CMakeFiles/firmware.elf.dir/src/uart.cpp.obj
 .bss._ZZN4Uart11getInstanceEP13USART_TypeDefmNS_6ParityEE14uart2_instance
                0x20000018        0x4 CMakeFiles/firmware.elf.dir/src/uart.cpp.obj
 .bss._ZGVZN4Uart11getInstanceEP13USART_TypeDefmNS_6ParityEE14uart1_instance
                0x2000001c        0x4 CMakeFiles/firmware.elf.dir/src/uart.cpp.obj
 .bss._ZZN4Uart11getInstanceEP13USART_TypeDefmNS_6ParityEE14uart1_instance
                0x20000020        0x4 CMakeFiles/firmware.elf.dir/src/uart.cpp.obj
                0x20000024                        _ebss = .
                0x080008e3                        _sidata = LOADADDR (.data)
OUTPUT(firmware.elf elf32-littlearm)
LOAD linker stubs

.debug_info     0x00000000     0x3169
 .debug_info    0x00000000      0xe76 CMakeFiles/firmware.elf.dir/src/main.cpp.obj
 .debug_info    0x00000e76      0x933 CMakeFiles/firmware.elf.dir/src/gpio.cpp.obj
 .debug_info    0x000017a9      0x473 CMakeFiles/firmware.elf.dir/src/system_stm32g4xx.c.obj
 .debug_info    0x00001c1c       0x47 CMakeFiles/firmware.elf.dir/src/crt_stubs.c.obj
 .debug_info    0x00001c63     0x12eb CMakeFiles/firmware.elf.dir/src/uart.cpp.obj
 .debug_info    0x00002f4e       0x30 CMakeFiles/firmware.elf.dir/startup_stm32g431xx.s.obj
 .debug_info    0x00002f7e       0xe0 c:/ST/GCC/bin/../lib/gcc/arm-none-eabi/13.3.1/../../../../arm-none-eabi/lib/thumb/v7e-m/nofp\libg_nano.a(libc_a-memset.o)
 .debug_info    0x0000305e      0x10b c:/ST/GCC/bin/../lib/gcc/arm-none-eabi/13.3.1/../../../../arm-none-eabi/lib/thumb/v7e-m/nofp\libg_nano.a(libc_a-init.o)

.debug_abbrev   0x00000000      0xe38
 .debug_abbrev  0x00000000      0x3c8 CMakeFiles/firmware.elf.dir/src/main.cpp.obj
 .debug_abbrev  0x000003c8      0x2c0 CMakeFiles/firmware.elf.dir/src/gpio.cpp.obj
 .debug_abbrev  0x00000688      0x130 CMakeFiles/firmware.elf.dir/src/system_stm32g4xx.c.obj
 .debug_abbrev  0x000007b8       0x47 CMakeFiles/firmware.elf.dir/src/crt_stubs.c.obj
 .debug_abbrev  0x000007ff      0x4ae CMakeFiles/firmware.elf.dir/src/uart.cpp.obj
 .debug_abbrev  0x00000cad       0x24 CMakeFiles/firmware.elf.dir/startup_stm32g431xx.s.obj
 .debug_abbrev  0x00000cd1       0x9e c:/ST/GCC/bin/../lib/gcc/arm-none-eabi/13.3.1/../../../../arm-none-eabi/lib/thumb/v7e-m/nofp\libg_nano.a(libc_a-memset.o)
 .debug_abbrev  0x00000d6f       0xc9 c:/ST/GCC/bin/../lib/gcc/arm-none-eabi/13.3.1/../../../../arm-none-eabi/lib/thumb/v7e-m/nofp\libg_nano.a(libc_a-init.o)

.debug_loclists
                0x00000000      0x7ac
 .debug_loclists
                0x00000000       0xb1 CMakeFiles/firmware.elf.dir/src/main.cpp.obj
 .debug_loclists
                0x000000b1      0x10c CMakeFiles/firmware.elf.dir/src/gpio.cpp.obj
 .debug_loclists
                0x000001bd       0x7e CMakeFiles/firmware.elf.dir/src/system_stm32g4xx.c.obj
 .debug_loclists
                0x0000023b      0x4e0 CMakeFiles/firmware.elf.dir/src/uart.cpp.obj
 .debug_loclists
                0x0000071b       0x4d c:/ST/GCC/bin/../lib/gcc/arm-none-eabi/13.3.1/../../../../arm-none-eabi/lib/thumb/v7e-m/nofp\libg_nano.a(libc_a-memset.o)
 .debug_loclists
                0x00000768       0x44 c:/ST/GCC/bin/../lib/gcc/arm-none-eabi/13.3.1/../../../../arm-none-eabi/lib/thumb/v7e-m/nofp\libg_nano.a(libc_a-init.o)

.debug_aranges  0x00000000      0x180
 .debug_aranges
                0x00000000       0x20 CMakeFiles/firmware.elf.dir/src/main.cpp.obj
 .debug_aranges
                0x00000020       0x40 CMakeFiles/firmware.elf.dir/src/gpio.cpp.obj
 .debug_aranges
                0x00000060       0x28 CMakeFiles/firmware.elf.dir/src/system_stm32g4xx.c.obj
 .debug_aranges
                0x00000088       0x28 CMakeFiles/firmware.elf.dir/src/crt_stubs.c.obj
 .debug_aranges
                0x000000b0       0x68 CMakeFiles/firmware.elf.dir/src/uart.cpp.obj
 .debug_aranges
                0x00000118       0x28 CMakeFiles/firmware.elf.dir/startup_stm32g431xx.s.obj
 .debug_aranges
                0x00000140       0x20 c:/ST/GCC/bin/../lib/gcc/arm-none-eabi/13.3.1/../../../../arm-none-eabi/lib/thumb/v7e-m/nofp\libg_nano.a(libc_a-memset.o)
 .debug_aranges
                0x00000160       0x20 c:/ST/GCC/bin/../lib/gcc/arm-none-eabi/13.3.1/../../../../arm-none-eabi/lib/thumb/v7e-m/nofp\libg_nano.a(libc_a-init.o)

.debug_rnglists
                0x00000000      0x178
 .debug_rnglists
                0x00000000       0x3f CMakeFiles/firmware.elf.dir/src/main.cpp.obj
 .debug_rnglists
                0x0000003f       0x3e CMakeFiles/firmware.elf.dir/src/gpio.cpp.obj
 .debug_rnglists
                0x0000007d       0x1b CMakeFiles/firmware.elf.dir/src/system_stm32g4xx.c.obj
 .debug_rnglists
                0x00000098       0x19 CMakeFiles/firmware.elf.dir/src/crt_stubs.c.obj
 .debug_rnglists
                0x000000b1       0x88 CMakeFiles/firmware.elf.dir/src/uart.cpp.obj
 .debug_rnglists
                0x00000139       0x19 CMakeFiles/firmware.elf.dir/startup_stm32g431xx.s.obj
 .debug_rnglists
                0x00000152       0x13 c:/ST/GCC/bin/../lib/gcc/arm-none-eabi/13.3.1/../../../../arm-none-eabi/lib/thumb/v7e-m/nofp\libg_nano.a(libc_a-memset.o)
 .debug_rnglists
                0x00000165       0x13 c:/ST/GCC/bin/../lib/gcc/arm-none-eabi/13.3.1/../../../../arm-none-eabi/lib/thumb/v7e-m/nofp\libg_nano.a(libc_a-init.o)

.debug_line     0x00000000     0x173f
 .debug_line    0x00000000      0x44f CMakeFiles/firmware.elf.dir/src/main.cpp.obj
 .debug_line    0x0000044f      0x461 CMakeFiles/firmware.elf.dir/src/gpio.cpp.obj
 .debug_line    0x000008b0      0x300 CMakeFiles/firmware.elf.dir/src/system_stm32g4xx.c.obj
 .debug_line    0x00000bb0       0x6f CMakeFiles/firmware.elf.dir/src/crt_stubs.c.obj
 .debug_line    0x00000c1f      0x7b7 CMakeFiles/firmware.elf.dir/src/uart.cpp.obj
 .debug_line    0x000013d6       0x7b CMakeFiles/firmware.elf.dir/startup_stm32g431xx.s.obj
 .debug_line    0x00001451      0x17e c:/ST/GCC/bin/../lib/gcc/arm-none-eabi/13.3.1/../../../../arm-none-eabi/lib/thumb/v7e-m/nofp\libg_nano.a(libc_a-memset.o)
 .debug_line    0x000015cf      0x170 c:/ST/GCC/bin/../lib/gcc/arm-none-eabi/13.3.1/../../../../arm-none-eabi/lib/thumb/v7e-m/nofp\libg_nano.a(libc_a-init.o)

.debug_str      0x00000000      0xd68
 .debug_str     0x00000000      0xd68 CMakeFiles/firmware.elf.dir/src/main.cpp.obj
                                0x927 (size before relaxing)
 .debug_str     0x00000d68      0x6d4 CMakeFiles/firmware.elf.dir/src/gpio.cpp.obj
 .debug_str     0x00000d68      0x3ea CMakeFiles/firmware.elf.dir/src/system_stm32g4xx.c.obj
 .debug_str     0x00000d68      0x139 CMakeFiles/firmware.elf.dir/src/crt_stubs.c.obj
 .debug_str     0x00000d68      0x953 CMakeFiles/firmware.elf.dir/src/uart.cpp.obj
 .debug_str     0x00000d68       0x74 CMakeFiles/firmware.elf.dir/startup_stm32g431xx.s.obj
 .debug_str     0x00000d68      0x20b c:/ST/GCC/bin/../lib/gcc/arm-none-eabi/13.3.1/../../../../arm-none-eabi/lib/thumb/v7e-m/nofp\libg_nano.a(libc_a-memset.o)
 .debug_str     0x00000d68      0x26c c:/ST/GCC/bin/../lib/gcc/arm-none-eabi/13.3.1/../../../../arm-none-eabi/lib/thumb/v7e-m/nofp\libg_nano.a(libc_a-init.o)

.comment        0x00000000       0x43
 .comment       0x00000000       0x43 CMakeFiles/firmware.elf.dir/src/main.cpp.obj
                                 0x44 (size before relaxing)
 .comment       0x00000043       0x44 CMakeFiles/firmware.elf.dir/src/gpio.cpp.obj
 .comment       0x00000043       0x44 CMakeFiles/firmware.elf.dir/src/system_stm32g4xx.c.obj
 .comment       0x00000043       0x44 CMakeFiles/firmware.elf.dir/src/crt_stubs.c.obj
 .comment       0x00000043       0x44 CMakeFiles/firmware.elf.dir/src/uart.cpp.obj
 .comment       0x00000043       0x44 c:/ST/GCC/bin/../lib/gcc/arm-none-eabi/13.3.1/../../../../arm-none-eabi/lib/thumb/v7e-m/nofp\libg_nano.a(libc_a-memset.o)
 .comment       0x00000043       0x44 c:/ST/GCC/bin/../lib/gcc/arm-none-eabi/13.3.1/../../../../arm-none-eabi/lib/thumb/v7e-m/nofp\libg_nano.a(libc_a-init.o)

.ARM.attributes
                0x00000000       0x2c
 .ARM.attributes
                0x00000000       0x2e CMakeFiles/firmware.elf.dir/src/main.cpp.obj
 .ARM.attributes
                0x0000002e       0x2e CMakeFiles/firmware.elf.dir/src/gpio.cpp.obj
 .ARM.attributes
                0x0000005c       0x2e CMakeFiles/firmware.elf.dir/src/system_stm32g4xx.c.obj
 .ARM.attributes
                0x0000008a       0x2e CMakeFiles/firmware.elf.dir/src/crt_stubs.c.obj
 .ARM.attributes
                0x000000b8       0x2e CMakeFiles/firmware.elf.dir/src/uart.cpp.obj
 .ARM.attributes
                0x000000e6       0x21 CMakeFiles/firmware.elf.dir/startup_stm32g431xx.s.obj
 .ARM.attributes
                0x00000107       0x2e c:/ST/GCC/bin/../lib/gcc/arm-none-eabi/13.3.1/../../../../arm-none-eabi/lib/thumb/v7e-m/nofp\libstdc++_nano.a(guard.o)
 .ARM.attributes
                0x00000135       0x2e c:/ST/GCC/bin/../lib/gcc/arm-none-eabi/13.3.1/../../../../arm-none-eabi/lib/thumb/v7e-m/nofp\libg_nano.a(libc_a-memset.o)
 .ARM.attributes
                0x00000163       0x2e c:/ST/GCC/bin/../lib/gcc/arm-none-eabi/13.3.1/../../../../arm-none-eabi/lib/thumb/v7e-m/nofp\libg_nano.a(libc_a-init.o)

.debug_frame    0x00000000      0x2a0
 .debug_frame   0x00000000       0x34 CMakeFiles/firmware.elf.dir/src/main.cpp.obj
 .debug_frame   0x00000034       0x6c CMakeFiles/firmware.elf.dir/src/gpio.cpp.obj
 .debug_frame   0x000000a0       0x30 CMakeFiles/firmware.elf.dir/src/system_stm32g4xx.c.obj
 .debug_frame   0x000000d0       0x30 CMakeFiles/firmware.elf.dir/src/crt_stubs.c.obj
 .debug_frame   0x00000100      0x114 CMakeFiles/firmware.elf.dir/src/uart.cpp.obj
 .debug_frame   0x00000214       0x40 c:/ST/GCC/bin/../lib/gcc/arm-none-eabi/13.3.1/../../../../arm-none-eabi/lib/thumb/v7e-m/nofp\libstdc++_nano.a(guard.o)
 .debug_frame   0x00000254       0x20 c:/ST/GCC/bin/../lib/gcc/arm-none-eabi/13.3.1/../../../../arm-none-eabi/lib/thumb/v7e-m/nofp\libg_nano.a(libc_a-memset.o)
 .debug_frame   0x00000274       0x2c c:/ST/GCC/bin/../lib/gcc/arm-none-eabi/13.3.1/../../../../arm-none-eabi/lib/thumb/v7e-m/nofp\libg_nano.a(libc_a-init.o)

.debug_line_str
                0x00000000       0x58
 .debug_line_str
                0x00000000       0x58 CMakeFiles/firmware.elf.dir/startup_stm32g431xx.s.obj
