Archive member included to satisfy reference by file (symbol)

c:/ST/GCC/bin/../lib/gcc/arm-none-eabi/13.3.1/../../../../arm-none-eabi/lib/thumb/v7e-m/nofp\libstdc++_nano.a(del_ops.o)
                              CMakeFiles/firmware.elf.dir/src/arduino_sensor.cpp.obj (operator delete(void*, unsigned int))
c:/ST/GCC/bin/../lib/gcc/arm-none-eabi/13.3.1/../../../../arm-none-eabi/lib/thumb/v7e-m/nofp\libstdc++_nano.a(guard.o)
                              CMakeFiles/firmware.elf.dir/src/uart.cpp.obj (__cxa_guard_acquire)
c:/ST/GCC/bin/../lib/gcc/arm-none-eabi/13.3.1/../../../../arm-none-eabi/lib/thumb/v7e-m/nofp\libstdc++_nano.a(del_op.o)
                              c:/ST/GCC/bin/../lib/gcc/arm-none-eabi/13.3.1/../../../../arm-none-eabi/lib/thumb/v7e-m/nofp\libstdc++_nano.a(del_ops.o) (operator delete(void*))
c:/ST/GCC/bin/../lib/gcc/arm-none-eabi/13.3.1/../../../../arm-none-eabi/lib/thumb/v7e-m/nofp\libg_nano.a(libc_a-malloc.o)
                              c:/ST/GCC/bin/../lib/gcc/arm-none-eabi/13.3.1/../../../../arm-none-eabi/lib/thumb/v7e-m/nofp\libstdc++_nano.a(del_op.o) (free)
c:/ST/GCC/bin/../lib/gcc/arm-none-eabi/13.3.1/../../../../arm-none-eabi/lib/thumb/v7e-m/nofp\libg_nano.a(libc_a-mallocr.o)
                              c:/ST/GCC/bin/../lib/gcc/arm-none-eabi/13.3.1/../../../../arm-none-eabi/lib/thumb/v7e-m/nofp\libg_nano.a(libc_a-malloc.o) (_malloc_r)
c:/ST/GCC/bin/../lib/gcc/arm-none-eabi/13.3.1/../../../../arm-none-eabi/lib/thumb/v7e-m/nofp\libg_nano.a(libc_a-mlock.o)
                              c:/ST/GCC/bin/../lib/gcc/arm-none-eabi/13.3.1/../../../../arm-none-eabi/lib/thumb/v7e-m/nofp\libg_nano.a(libc_a-mallocr.o) (__malloc_lock)
c:/ST/GCC/bin/../lib/gcc/arm-none-eabi/13.3.1/../../../../arm-none-eabi/lib/thumb/v7e-m/nofp\libg_nano.a(libc_a-impure.o)
                              c:/ST/GCC/bin/../lib/gcc/arm-none-eabi/13.3.1/../../../../arm-none-eabi/lib/thumb/v7e-m/nofp\libg_nano.a(libc_a-malloc.o) (_impure_ptr)
c:/ST/GCC/bin/../lib/gcc/arm-none-eabi/13.3.1/../../../../arm-none-eabi/lib/thumb/v7e-m/nofp\libg_nano.a(libc_a-sbrkr.o)
                              c:/ST/GCC/bin/../lib/gcc/arm-none-eabi/13.3.1/../../../../arm-none-eabi/lib/thumb/v7e-m/nofp\libg_nano.a(libc_a-mallocr.o) (_sbrk_r)
c:/ST/GCC/bin/../lib/gcc/arm-none-eabi/13.3.1/../../../../arm-none-eabi/lib/thumb/v7e-m/nofp\libg_nano.a(libc_a-init.o)
                              CMakeFiles/firmware.elf.dir/startup_stm32g431xx.s.obj (__libc_init_array)
c:/ST/GCC/bin/../lib/gcc/arm-none-eabi/13.3.1/../../../../arm-none-eabi/lib/thumb/v7e-m/nofp\libg_nano.a(libc_a-lock.o)
                              c:/ST/GCC/bin/../lib/gcc/arm-none-eabi/13.3.1/../../../../arm-none-eabi/lib/thumb/v7e-m/nofp\libg_nano.a(libc_a-mlock.o) (__retarget_lock_acquire_recursive)
c:/ST/GCC/bin/../lib/gcc/arm-none-eabi/13.3.1/../../../../arm-none-eabi/lib/thumb/v7e-m/nofp\libg_nano.a(libc_a-freer.o)
                              c:/ST/GCC/bin/../lib/gcc/arm-none-eabi/13.3.1/../../../../arm-none-eabi/lib/thumb/v7e-m/nofp\libg_nano.a(libc_a-malloc.o) (_free_r)
c:/ST/GCC/bin/../lib/gcc/arm-none-eabi/13.3.1/../../../../arm-none-eabi/lib/thumb/v7e-m/nofp\libg_nano.a(libc_a-reent.o)
                              c:/ST/GCC/bin/../lib/gcc/arm-none-eabi/13.3.1/../../../../arm-none-eabi/lib/thumb/v7e-m/nofp\libg_nano.a(libc_a-sbrkr.o) (errno)
c:/ST/GCC/bin/../lib/gcc/arm-none-eabi/13.3.1/../../../../arm-none-eabi/lib/thumb/v7e-m/nofp\libnosys.a(sbrk.o)
                              c:/ST/GCC/bin/../lib/gcc/arm-none-eabi/13.3.1/../../../../arm-none-eabi/lib/thumb/v7e-m/nofp\libg_nano.a(libc_a-sbrkr.o) (_sbrk)

Discarded input sections

 .group         0x00000000       0x10 CMakeFiles/firmware.elf.dir/src/arduino_sensor.cpp.obj
 .group         0x00000000        0x8 CMakeFiles/firmware.elf.dir/src/arduino_sensor.cpp.obj
 .text          0x00000000        0x0 CMakeFiles/firmware.elf.dir/src/arduino_sensor.cpp.obj
 .data          0x00000000        0x0 CMakeFiles/firmware.elf.dir/src/arduino_sensor.cpp.obj
 .bss           0x00000000        0x0 CMakeFiles/firmware.elf.dir/src/arduino_sensor.cpp.obj
 .text._ZNK13ArduinoSensor11mapI2CErrorE8I2cError
                0x00000000       0x10 CMakeFiles/firmware.elf.dir/src/arduino_sensor.cpp.obj
 .text          0x00000000        0x0 CMakeFiles/firmware.elf.dir/src/button.cpp.obj
 .data          0x00000000        0x0 CMakeFiles/firmware.elf.dir/src/button.cpp.obj
 .bss           0x00000000        0x0 CMakeFiles/firmware.elf.dir/src/button.cpp.obj
 .text._ZN6ButtonC2EhP14IButtonHandler
                0x00000000       0x34 CMakeFiles/firmware.elf.dir/src/button.cpp.obj
 .text          0x00000000        0x0 CMakeFiles/firmware.elf.dir/src/crt_stubs.c.obj
 .data          0x00000000        0x0 CMakeFiles/firmware.elf.dir/src/crt_stubs.c.obj
 .bss           0x00000000        0x0 CMakeFiles/firmware.elf.dir/src/crt_stubs.c.obj
 .text          0x00000000        0x0 CMakeFiles/firmware.elf.dir/src/gpio.cpp.obj
 .data          0x00000000        0x0 CMakeFiles/firmware.elf.dir/src/gpio.cpp.obj
 .bss           0x00000000        0x0 CMakeFiles/firmware.elf.dir/src/gpio.cpp.obj
 .text._ZN4Gpio3setEv
                0x00000000        0xc CMakeFiles/firmware.elf.dir/src/gpio.cpp.obj
 .text._ZN4Gpio5clearEv
                0x00000000       0x10 CMakeFiles/firmware.elf.dir/src/gpio.cpp.obj
 .text._ZN4Gpio6toggleEv
                0x00000000       0x10 CMakeFiles/firmware.elf.dir/src/gpio.cpp.obj
 .text._ZN4Gpio12enable_clockEP12GPIO_TypeDef
                0x00000000       0xb0 CMakeFiles/firmware.elf.dir/src/gpio.cpp.obj
 .text._ZN4GpioC2EP12GPIO_TypeDefhNS_4ModeENS_3AFxE
                0x00000000       0x80 CMakeFiles/firmware.elf.dir/src/gpio.cpp.obj
 .text._ZN4Gpio16enable_interruptENS_7IrqEdgeE
                0x00000000      0x1e0 CMakeFiles/firmware.elf.dir/src/gpio.cpp.obj
 .data._ZN4Gpio1GE
                0x00000000        0x4 CMakeFiles/firmware.elf.dir/src/gpio.cpp.obj
 .data._ZN4Gpio1FE
                0x00000000        0x4 CMakeFiles/firmware.elf.dir/src/gpio.cpp.obj
 .data._ZN4Gpio1EE
                0x00000000        0x4 CMakeFiles/firmware.elf.dir/src/gpio.cpp.obj
 .data._ZN4Gpio1DE
                0x00000000        0x4 CMakeFiles/firmware.elf.dir/src/gpio.cpp.obj
 .data._ZN4Gpio1CE
                0x00000000        0x4 CMakeFiles/firmware.elf.dir/src/gpio.cpp.obj
 .data._ZN4Gpio1BE
                0x00000000        0x4 CMakeFiles/firmware.elf.dir/src/gpio.cpp.obj
 .data._ZN4Gpio1AE
                0x00000000        0x4 CMakeFiles/firmware.elf.dir/src/gpio.cpp.obj
 .debug_info    0x00000000      0xf3e CMakeFiles/firmware.elf.dir/src/gpio.cpp.obj
 .debug_abbrev  0x00000000      0x373 CMakeFiles/firmware.elf.dir/src/gpio.cpp.obj
 .debug_loclists
                0x00000000      0x24c CMakeFiles/firmware.elf.dir/src/gpio.cpp.obj
 .debug_aranges
                0x00000000       0x48 CMakeFiles/firmware.elf.dir/src/gpio.cpp.obj
 .debug_rnglists
                0x00000000       0x43 CMakeFiles/firmware.elf.dir/src/gpio.cpp.obj
 .debug_line    0x00000000      0x675 CMakeFiles/firmware.elf.dir/src/gpio.cpp.obj
 .debug_str     0x00000000      0xce4 CMakeFiles/firmware.elf.dir/src/gpio.cpp.obj
 .comment       0x00000000       0x44 CMakeFiles/firmware.elf.dir/src/gpio.cpp.obj
 .debug_frame   0x00000000       0x84 CMakeFiles/firmware.elf.dir/src/gpio.cpp.obj
 .ARM.attributes
                0x00000000       0x2e CMakeFiles/firmware.elf.dir/src/gpio.cpp.obj
 .text          0x00000000        0x0 CMakeFiles/firmware.elf.dir/src/isr.cpp.obj
 .data          0x00000000        0x0 CMakeFiles/firmware.elf.dir/src/isr.cpp.obj
 .bss           0x00000000        0x0 CMakeFiles/firmware.elf.dir/src/isr.cpp.obj
 .group         0x00000000        0x8 CMakeFiles/firmware.elf.dir/src/main.cpp.obj
 .text          0x00000000        0x0 CMakeFiles/firmware.elf.dir/src/main.cpp.obj
 .data          0x00000000        0x0 CMakeFiles/firmware.elf.dir/src/main.cpp.obj
 .bss           0x00000000        0x0 CMakeFiles/firmware.elf.dir/src/main.cpp.obj
 .text          0x00000000        0x0 CMakeFiles/firmware.elf.dir/src/system_stm32g4xx.c.obj
 .data          0x00000000        0x0 CMakeFiles/firmware.elf.dir/src/system_stm32g4xx.c.obj
 .bss           0x00000000        0x0 CMakeFiles/firmware.elf.dir/src/system_stm32g4xx.c.obj
 .rodata.APBPrescTable
                0x00000000        0x8 CMakeFiles/firmware.elf.dir/src/system_stm32g4xx.c.obj
 .text          0x00000000        0x0 CMakeFiles/firmware.elf.dir/src/systick.cpp.obj
 .data          0x00000000        0x0 CMakeFiles/firmware.elf.dir/src/systick.cpp.obj
 .bss           0x00000000        0x0 CMakeFiles/firmware.elf.dir/src/systick.cpp.obj
 .text          0x00000000        0x0 CMakeFiles/firmware.elf.dir/src/uart.cpp.obj
 .data          0x00000000        0x0 CMakeFiles/firmware.elf.dir/src/uart.cpp.obj
 .bss           0x00000000        0x0 CMakeFiles/firmware.elf.dir/src/uart.cpp.obj
 .text._ZN4Uart4initEmNS_6ParityE
                0x00000000      0x114 CMakeFiles/firmware.elf.dir/src/uart.cpp.obj
 .text._ZN4UartC2EP13USART_TypeDefmNS_6ParityE
                0x00000000       0x14 CMakeFiles/firmware.elf.dir/src/uart.cpp.obj
 .text._ZN4Uart11getInstanceEP13USART_TypeDefmNS_6ParityE
                0x00000000       0xcc CMakeFiles/firmware.elf.dir/src/uart.cpp.obj
 .text._ZN4Uart8sendCharEc
                0x00000000        0xc CMakeFiles/firmware.elf.dir/src/uart.cpp.obj
 .text._ZN4Uart4sendEPKc
                0x00000000       0x1c CMakeFiles/firmware.elf.dir/src/uart.cpp.obj
 .text._ZN4Uart5printEPKc
                0x00000000       0x1c CMakeFiles/firmware.elf.dir/src/uart.cpp.obj
 .rodata._ZN4Uart7newlineEv.str1.4
                0x00000000        0x3 CMakeFiles/firmware.elf.dir/src/uart.cpp.obj
 .text._ZN4Uart7newlineEv
                0x00000000       0x20 CMakeFiles/firmware.elf.dir/src/uart.cpp.obj
 .text._ZN4Uart11receiveCharEv
                0x00000000       0x10 CMakeFiles/firmware.elf.dir/src/uart.cpp.obj
 .text._ZN4Uart8intToStrEiPc
                0x00000000       0x64 CMakeFiles/firmware.elf.dir/src/uart.cpp.obj
 .text._ZN4Uart7sendIntEi
                0x00000000       0x2c CMakeFiles/firmware.elf.dir/src/uart.cpp.obj
 .bss._ZGVZN4Uart11getInstanceEP13USART_TypeDefmNS_6ParityEE14uart3_instance
                0x00000000        0x4 CMakeFiles/firmware.elf.dir/src/uart.cpp.obj
 .bss._ZZN4Uart11getInstanceEP13USART_TypeDefmNS_6ParityEE14uart3_instance
                0x00000000        0x4 CMakeFiles/firmware.elf.dir/src/uart.cpp.obj
 .bss._ZGVZN4Uart11getInstanceEP13USART_TypeDefmNS_6ParityEE14uart2_instance
                0x00000000        0x4 CMakeFiles/firmware.elf.dir/src/uart.cpp.obj
 .bss._ZZN4Uart11getInstanceEP13USART_TypeDefmNS_6ParityEE14uart2_instance
                0x00000000        0x4 CMakeFiles/firmware.elf.dir/src/uart.cpp.obj
 .bss._ZGVZN4Uart11getInstanceEP13USART_TypeDefmNS_6ParityEE14uart1_instance
                0x00000000        0x4 CMakeFiles/firmware.elf.dir/src/uart.cpp.obj
 .bss._ZZN4Uart11getInstanceEP13USART_TypeDefmNS_6ParityEE14uart1_instance
                0x00000000        0x4 CMakeFiles/firmware.elf.dir/src/uart.cpp.obj
 .debug_info    0x00000000     0x1319 CMakeFiles/firmware.elf.dir/src/uart.cpp.obj
 .debug_abbrev  0x00000000      0x4c6 CMakeFiles/firmware.elf.dir/src/uart.cpp.obj
 .debug_loclists
                0x00000000      0x4e0 CMakeFiles/firmware.elf.dir/src/uart.cpp.obj
 .debug_aranges
                0x00000000       0x68 CMakeFiles/firmware.elf.dir/src/uart.cpp.obj
 .debug_rnglists
                0x00000000       0x88 CMakeFiles/firmware.elf.dir/src/uart.cpp.obj
 .debug_line    0x00000000      0x7cd CMakeFiles/firmware.elf.dir/src/uart.cpp.obj
 .debug_str     0x00000000      0x9b8 CMakeFiles/firmware.elf.dir/src/uart.cpp.obj
 .comment       0x00000000       0x44 CMakeFiles/firmware.elf.dir/src/uart.cpp.obj
 .debug_frame   0x00000000      0x114 CMakeFiles/firmware.elf.dir/src/uart.cpp.obj
 .ARM.attributes
                0x00000000       0x2e CMakeFiles/firmware.elf.dir/src/uart.cpp.obj
 .text          0x00000000       0x14 CMakeFiles/firmware.elf.dir/startup_stm32g431xx.s.obj
 .data          0x00000000        0x0 CMakeFiles/firmware.elf.dir/startup_stm32g431xx.s.obj
 .bss           0x00000000        0x0 CMakeFiles/firmware.elf.dir/startup_stm32g431xx.s.obj
 .text          0x00000000        0x0 c:/ST/GCC/bin/../lib/gcc/arm-none-eabi/13.3.1/../../../../arm-none-eabi/lib/thumb/v7e-m/nofp\libstdc++_nano.a(del_ops.o)
 .data          0x00000000        0x0 c:/ST/GCC/bin/../lib/gcc/arm-none-eabi/13.3.1/../../../../arm-none-eabi/lib/thumb/v7e-m/nofp\libstdc++_nano.a(del_ops.o)
 .bss           0x00000000        0x0 c:/ST/GCC/bin/../lib/gcc/arm-none-eabi/13.3.1/../../../../arm-none-eabi/lib/thumb/v7e-m/nofp\libstdc++_nano.a(del_ops.o)
 .text          0x00000000        0x0 c:/ST/GCC/bin/../lib/gcc/arm-none-eabi/13.3.1/../../../../arm-none-eabi/lib/thumb/v7e-m/nofp\libstdc++_nano.a(guard.o)
 .data          0x00000000        0x0 c:/ST/GCC/bin/../lib/gcc/arm-none-eabi/13.3.1/../../../../arm-none-eabi/lib/thumb/v7e-m/nofp\libstdc++_nano.a(guard.o)
 .bss           0x00000000        0x0 c:/ST/GCC/bin/../lib/gcc/arm-none-eabi/13.3.1/../../../../arm-none-eabi/lib/thumb/v7e-m/nofp\libstdc++_nano.a(guard.o)
 .text.__cxa_guard_acquire
                0x00000000       0x18 c:/ST/GCC/bin/../lib/gcc/arm-none-eabi/13.3.1/../../../../arm-none-eabi/lib/thumb/v7e-m/nofp\libstdc++_nano.a(guard.o)
 .text.__cxa_guard_abort
                0x00000000        0x6 c:/ST/GCC/bin/../lib/gcc/arm-none-eabi/13.3.1/../../../../arm-none-eabi/lib/thumb/v7e-m/nofp\libstdc++_nano.a(guard.o)
 .text.__cxa_guard_release
                0x00000000        0x6 c:/ST/GCC/bin/../lib/gcc/arm-none-eabi/13.3.1/../../../../arm-none-eabi/lib/thumb/v7e-m/nofp\libstdc++_nano.a(guard.o)
 .debug_frame   0x00000000       0x40 c:/ST/GCC/bin/../lib/gcc/arm-none-eabi/13.3.1/../../../../arm-none-eabi/lib/thumb/v7e-m/nofp\libstdc++_nano.a(guard.o)
 .ARM.attributes
                0x00000000       0x2e c:/ST/GCC/bin/../lib/gcc/arm-none-eabi/13.3.1/../../../../arm-none-eabi/lib/thumb/v7e-m/nofp\libstdc++_nano.a(guard.o)
 .text          0x00000000        0x0 c:/ST/GCC/bin/../lib/gcc/arm-none-eabi/13.3.1/../../../../arm-none-eabi/lib/thumb/v7e-m/nofp\libstdc++_nano.a(del_op.o)
 .data          0x00000000        0x0 c:/ST/GCC/bin/../lib/gcc/arm-none-eabi/13.3.1/../../../../arm-none-eabi/lib/thumb/v7e-m/nofp\libstdc++_nano.a(del_op.o)
 .bss           0x00000000        0x0 c:/ST/GCC/bin/../lib/gcc/arm-none-eabi/13.3.1/../../../../arm-none-eabi/lib/thumb/v7e-m/nofp\libstdc++_nano.a(del_op.o)
 .text          0x00000000        0x0 c:/ST/GCC/bin/../lib/gcc/arm-none-eabi/13.3.1/../../../../arm-none-eabi/lib/thumb/v7e-m/nofp\libg_nano.a(libc_a-malloc.o)
 .data          0x00000000        0x0 c:/ST/GCC/bin/../lib/gcc/arm-none-eabi/13.3.1/../../../../arm-none-eabi/lib/thumb/v7e-m/nofp\libg_nano.a(libc_a-malloc.o)
 .bss           0x00000000        0x0 c:/ST/GCC/bin/../lib/gcc/arm-none-eabi/13.3.1/../../../../arm-none-eabi/lib/thumb/v7e-m/nofp\libg_nano.a(libc_a-malloc.o)
 .text.malloc   0x00000000       0x10 c:/ST/GCC/bin/../lib/gcc/arm-none-eabi/13.3.1/../../../../arm-none-eabi/lib/thumb/v7e-m/nofp\libg_nano.a(libc_a-malloc.o)
 .text          0x00000000        0x0 c:/ST/GCC/bin/../lib/gcc/arm-none-eabi/13.3.1/../../../../arm-none-eabi/lib/thumb/v7e-m/nofp\libg_nano.a(libc_a-mallocr.o)
 .data          0x00000000        0x0 c:/ST/GCC/bin/../lib/gcc/arm-none-eabi/13.3.1/../../../../arm-none-eabi/lib/thumb/v7e-m/nofp\libg_nano.a(libc_a-mallocr.o)
 .bss           0x00000000        0x0 c:/ST/GCC/bin/../lib/gcc/arm-none-eabi/13.3.1/../../../../arm-none-eabi/lib/thumb/v7e-m/nofp\libg_nano.a(libc_a-mallocr.o)
 .text.sbrk_aligned
                0x00000000       0x44 c:/ST/GCC/bin/../lib/gcc/arm-none-eabi/13.3.1/../../../../arm-none-eabi/lib/thumb/v7e-m/nofp\libg_nano.a(libc_a-mallocr.o)
 .text._malloc_r
                0x00000000      0x100 c:/ST/GCC/bin/../lib/gcc/arm-none-eabi/13.3.1/../../../../arm-none-eabi/lib/thumb/v7e-m/nofp\libg_nano.a(libc_a-mallocr.o)
 .bss.__malloc_sbrk_start
                0x00000000        0x4 c:/ST/GCC/bin/../lib/gcc/arm-none-eabi/13.3.1/../../../../arm-none-eabi/lib/thumb/v7e-m/nofp\libg_nano.a(libc_a-mallocr.o)
 .text          0x00000000        0x0 c:/ST/GCC/bin/../lib/gcc/arm-none-eabi/13.3.1/../../../../arm-none-eabi/lib/thumb/v7e-m/nofp\libg_nano.a(libc_a-mlock.o)
 .data          0x00000000        0x0 c:/ST/GCC/bin/../lib/gcc/arm-none-eabi/13.3.1/../../../../arm-none-eabi/lib/thumb/v7e-m/nofp\libg_nano.a(libc_a-mlock.o)
 .bss           0x00000000        0x0 c:/ST/GCC/bin/../lib/gcc/arm-none-eabi/13.3.1/../../../../arm-none-eabi/lib/thumb/v7e-m/nofp\libg_nano.a(libc_a-mlock.o)
 .text          0x00000000        0x0 c:/ST/GCC/bin/../lib/gcc/arm-none-eabi/13.3.1/../../../../arm-none-eabi/lib/thumb/v7e-m/nofp\libg_nano.a(libc_a-impure.o)
 .data          0x00000000        0x0 c:/ST/GCC/bin/../lib/gcc/arm-none-eabi/13.3.1/../../../../arm-none-eabi/lib/thumb/v7e-m/nofp\libg_nano.a(libc_a-impure.o)
 .bss           0x00000000        0x0 c:/ST/GCC/bin/../lib/gcc/arm-none-eabi/13.3.1/../../../../arm-none-eabi/lib/thumb/v7e-m/nofp\libg_nano.a(libc_a-impure.o)
 .text          0x00000000        0x0 c:/ST/GCC/bin/../lib/gcc/arm-none-eabi/13.3.1/../../../../arm-none-eabi/lib/thumb/v7e-m/nofp\libg_nano.a(libc_a-sbrkr.o)
 .data          0x00000000        0x0 c:/ST/GCC/bin/../lib/gcc/arm-none-eabi/13.3.1/../../../../arm-none-eabi/lib/thumb/v7e-m/nofp\libg_nano.a(libc_a-sbrkr.o)
 .bss           0x00000000        0x0 c:/ST/GCC/bin/../lib/gcc/arm-none-eabi/13.3.1/../../../../arm-none-eabi/lib/thumb/v7e-m/nofp\libg_nano.a(libc_a-sbrkr.o)
 .text._sbrk_r  0x00000000       0x20 c:/ST/GCC/bin/../lib/gcc/arm-none-eabi/13.3.1/../../../../arm-none-eabi/lib/thumb/v7e-m/nofp\libg_nano.a(libc_a-sbrkr.o)
 .debug_info    0x00000000      0x782 c:/ST/GCC/bin/../lib/gcc/arm-none-eabi/13.3.1/../../../../arm-none-eabi/lib/thumb/v7e-m/nofp\libg_nano.a(libc_a-sbrkr.o)
 .debug_abbrev  0x00000000      0x1da c:/ST/GCC/bin/../lib/gcc/arm-none-eabi/13.3.1/../../../../arm-none-eabi/lib/thumb/v7e-m/nofp\libg_nano.a(libc_a-sbrkr.o)
 .debug_loclists
                0x00000000       0x58 c:/ST/GCC/bin/../lib/gcc/arm-none-eabi/13.3.1/../../../../arm-none-eabi/lib/thumb/v7e-m/nofp\libg_nano.a(libc_a-sbrkr.o)
 .debug_aranges
                0x00000000       0x20 c:/ST/GCC/bin/../lib/gcc/arm-none-eabi/13.3.1/../../../../arm-none-eabi/lib/thumb/v7e-m/nofp\libg_nano.a(libc_a-sbrkr.o)
 .debug_rnglists
                0x00000000       0x13 c:/ST/GCC/bin/../lib/gcc/arm-none-eabi/13.3.1/../../../../arm-none-eabi/lib/thumb/v7e-m/nofp\libg_nano.a(libc_a-sbrkr.o)
 .debug_line    0x00000000      0x21f c:/ST/GCC/bin/../lib/gcc/arm-none-eabi/13.3.1/../../../../arm-none-eabi/lib/thumb/v7e-m/nofp\libg_nano.a(libc_a-sbrkr.o)
 .debug_str     0x00000000      0x534 c:/ST/GCC/bin/../lib/gcc/arm-none-eabi/13.3.1/../../../../arm-none-eabi/lib/thumb/v7e-m/nofp\libg_nano.a(libc_a-sbrkr.o)
 .comment       0x00000000       0x44 c:/ST/GCC/bin/../lib/gcc/arm-none-eabi/13.3.1/../../../../arm-none-eabi/lib/thumb/v7e-m/nofp\libg_nano.a(libc_a-sbrkr.o)
 .debug_frame   0x00000000       0x2c c:/ST/GCC/bin/../lib/gcc/arm-none-eabi/13.3.1/../../../../arm-none-eabi/lib/thumb/v7e-m/nofp\libg_nano.a(libc_a-sbrkr.o)
 .ARM.attributes
                0x00000000       0x2e c:/ST/GCC/bin/../lib/gcc/arm-none-eabi/13.3.1/../../../../arm-none-eabi/lib/thumb/v7e-m/nofp\libg_nano.a(libc_a-sbrkr.o)
 .text          0x00000000        0x0 c:/ST/GCC/bin/../lib/gcc/arm-none-eabi/13.3.1/../../../../arm-none-eabi/lib/thumb/v7e-m/nofp\libg_nano.a(libc_a-init.o)
 .data          0x00000000        0x0 c:/ST/GCC/bin/../lib/gcc/arm-none-eabi/13.3.1/../../../../arm-none-eabi/lib/thumb/v7e-m/nofp\libg_nano.a(libc_a-init.o)
 .bss           0x00000000        0x0 c:/ST/GCC/bin/../lib/gcc/arm-none-eabi/13.3.1/../../../../arm-none-eabi/lib/thumb/v7e-m/nofp\libg_nano.a(libc_a-init.o)
 .text          0x00000000        0x0 c:/ST/GCC/bin/../lib/gcc/arm-none-eabi/13.3.1/../../../../arm-none-eabi/lib/thumb/v7e-m/nofp\libg_nano.a(libc_a-lock.o)
 .data          0x00000000        0x0 c:/ST/GCC/bin/../lib/gcc/arm-none-eabi/13.3.1/../../../../arm-none-eabi/lib/thumb/v7e-m/nofp\libg_nano.a(libc_a-lock.o)
 .bss           0x00000000        0x0 c:/ST/GCC/bin/../lib/gcc/arm-none-eabi/13.3.1/../../../../arm-none-eabi/lib/thumb/v7e-m/nofp\libg_nano.a(libc_a-lock.o)
 .text.__retarget_lock_init
                0x00000000        0x2 c:/ST/GCC/bin/../lib/gcc/arm-none-eabi/13.3.1/../../../../arm-none-eabi/lib/thumb/v7e-m/nofp\libg_nano.a(libc_a-lock.o)
 .text.__retarget_lock_init_recursive
                0x00000000        0x2 c:/ST/GCC/bin/../lib/gcc/arm-none-eabi/13.3.1/../../../../arm-none-eabi/lib/thumb/v7e-m/nofp\libg_nano.a(libc_a-lock.o)
 .text.__retarget_lock_close
                0x00000000        0x2 c:/ST/GCC/bin/../lib/gcc/arm-none-eabi/13.3.1/../../../../arm-none-eabi/lib/thumb/v7e-m/nofp\libg_nano.a(libc_a-lock.o)
 .text.__retarget_lock_close_recursive
                0x00000000        0x2 c:/ST/GCC/bin/../lib/gcc/arm-none-eabi/13.3.1/../../../../arm-none-eabi/lib/thumb/v7e-m/nofp\libg_nano.a(libc_a-lock.o)
 .text.__retarget_lock_acquire
                0x00000000        0x2 c:/ST/GCC/bin/../lib/gcc/arm-none-eabi/13.3.1/../../../../arm-none-eabi/lib/thumb/v7e-m/nofp\libg_nano.a(libc_a-lock.o)
 .text.__retarget_lock_try_acquire
                0x00000000        0x4 c:/ST/GCC/bin/../lib/gcc/arm-none-eabi/13.3.1/../../../../arm-none-eabi/lib/thumb/v7e-m/nofp\libg_nano.a(libc_a-lock.o)
 .text.__retarget_lock_try_acquire_recursive
                0x00000000        0x4 c:/ST/GCC/bin/../lib/gcc/arm-none-eabi/13.3.1/../../../../arm-none-eabi/lib/thumb/v7e-m/nofp\libg_nano.a(libc_a-lock.o)
 .text.__retarget_lock_release
                0x00000000        0x2 c:/ST/GCC/bin/../lib/gcc/arm-none-eabi/13.3.1/../../../../arm-none-eabi/lib/thumb/v7e-m/nofp\libg_nano.a(libc_a-lock.o)
 .bss.__lock___arc4random_mutex
                0x00000000        0x1 c:/ST/GCC/bin/../lib/gcc/arm-none-eabi/13.3.1/../../../../arm-none-eabi/lib/thumb/v7e-m/nofp\libg_nano.a(libc_a-lock.o)
 .bss.__lock___dd_hash_mutex
                0x00000000        0x1 c:/ST/GCC/bin/../lib/gcc/arm-none-eabi/13.3.1/../../../../arm-none-eabi/lib/thumb/v7e-m/nofp\libg_nano.a(libc_a-lock.o)
 .bss.__lock___tz_mutex
                0x00000000        0x1 c:/ST/GCC/bin/../lib/gcc/arm-none-eabi/13.3.1/../../../../arm-none-eabi/lib/thumb/v7e-m/nofp\libg_nano.a(libc_a-lock.o)
 .bss.__lock___env_recursive_mutex
                0x00000000        0x1 c:/ST/GCC/bin/../lib/gcc/arm-none-eabi/13.3.1/../../../../arm-none-eabi/lib/thumb/v7e-m/nofp\libg_nano.a(libc_a-lock.o)
 .bss.__lock___at_quick_exit_mutex
                0x00000000        0x1 c:/ST/GCC/bin/../lib/gcc/arm-none-eabi/13.3.1/../../../../arm-none-eabi/lib/thumb/v7e-m/nofp\libg_nano.a(libc_a-lock.o)
 .bss.__lock___atexit_recursive_mutex
                0x00000000        0x1 c:/ST/GCC/bin/../lib/gcc/arm-none-eabi/13.3.1/../../../../arm-none-eabi/lib/thumb/v7e-m/nofp\libg_nano.a(libc_a-lock.o)
 .bss.__lock___sfp_recursive_mutex
                0x00000000        0x1 c:/ST/GCC/bin/../lib/gcc/arm-none-eabi/13.3.1/../../../../arm-none-eabi/lib/thumb/v7e-m/nofp\libg_nano.a(libc_a-lock.o)
 .text          0x00000000        0x0 c:/ST/GCC/bin/../lib/gcc/arm-none-eabi/13.3.1/../../../../arm-none-eabi/lib/thumb/v7e-m/nofp\libg_nano.a(libc_a-freer.o)
 .data          0x00000000        0x0 c:/ST/GCC/bin/../lib/gcc/arm-none-eabi/13.3.1/../../../../arm-none-eabi/lib/thumb/v7e-m/nofp\libg_nano.a(libc_a-freer.o)
 .bss           0x00000000        0x0 c:/ST/GCC/bin/../lib/gcc/arm-none-eabi/13.3.1/../../../../arm-none-eabi/lib/thumb/v7e-m/nofp\libg_nano.a(libc_a-freer.o)
 .text          0x00000000        0x0 c:/ST/GCC/bin/../lib/gcc/arm-none-eabi/13.3.1/../../../../arm-none-eabi/lib/thumb/v7e-m/nofp\libg_nano.a(libc_a-reent.o)
 .data          0x00000000        0x0 c:/ST/GCC/bin/../lib/gcc/arm-none-eabi/13.3.1/../../../../arm-none-eabi/lib/thumb/v7e-m/nofp\libg_nano.a(libc_a-reent.o)
 .bss           0x00000000        0x0 c:/ST/GCC/bin/../lib/gcc/arm-none-eabi/13.3.1/../../../../arm-none-eabi/lib/thumb/v7e-m/nofp\libg_nano.a(libc_a-reent.o)
 .text._reclaim_reent
                0x00000000       0xbc c:/ST/GCC/bin/../lib/gcc/arm-none-eabi/13.3.1/../../../../arm-none-eabi/lib/thumb/v7e-m/nofp\libg_nano.a(libc_a-reent.o)
 .bss.errno     0x00000000        0x4 c:/ST/GCC/bin/../lib/gcc/arm-none-eabi/13.3.1/../../../../arm-none-eabi/lib/thumb/v7e-m/nofp\libg_nano.a(libc_a-reent.o)
 .debug_info    0x00000000      0x8a1 c:/ST/GCC/bin/../lib/gcc/arm-none-eabi/13.3.1/../../../../arm-none-eabi/lib/thumb/v7e-m/nofp\libg_nano.a(libc_a-reent.o)
 .debug_abbrev  0x00000000      0x1f7 c:/ST/GCC/bin/../lib/gcc/arm-none-eabi/13.3.1/../../../../arm-none-eabi/lib/thumb/v7e-m/nofp\libg_nano.a(libc_a-reent.o)
 .debug_loclists
                0x00000000       0x9c c:/ST/GCC/bin/../lib/gcc/arm-none-eabi/13.3.1/../../../../arm-none-eabi/lib/thumb/v7e-m/nofp\libg_nano.a(libc_a-reent.o)
 .debug_aranges
                0x00000000       0x20 c:/ST/GCC/bin/../lib/gcc/arm-none-eabi/13.3.1/../../../../arm-none-eabi/lib/thumb/v7e-m/nofp\libg_nano.a(libc_a-reent.o)
 .debug_rnglists
                0x00000000       0x2c c:/ST/GCC/bin/../lib/gcc/arm-none-eabi/13.3.1/../../../../arm-none-eabi/lib/thumb/v7e-m/nofp\libg_nano.a(libc_a-reent.o)
 .debug_line    0x00000000      0x2f5 c:/ST/GCC/bin/../lib/gcc/arm-none-eabi/13.3.1/../../../../arm-none-eabi/lib/thumb/v7e-m/nofp\libg_nano.a(libc_a-reent.o)
 .debug_str     0x00000000      0x54a c:/ST/GCC/bin/../lib/gcc/arm-none-eabi/13.3.1/../../../../arm-none-eabi/lib/thumb/v7e-m/nofp\libg_nano.a(libc_a-reent.o)
 .comment       0x00000000       0x44 c:/ST/GCC/bin/../lib/gcc/arm-none-eabi/13.3.1/../../../../arm-none-eabi/lib/thumb/v7e-m/nofp\libg_nano.a(libc_a-reent.o)
 .debug_frame   0x00000000       0x38 c:/ST/GCC/bin/../lib/gcc/arm-none-eabi/13.3.1/../../../../arm-none-eabi/lib/thumb/v7e-m/nofp\libg_nano.a(libc_a-reent.o)
 .ARM.attributes
                0x00000000       0x2e c:/ST/GCC/bin/../lib/gcc/arm-none-eabi/13.3.1/../../../../arm-none-eabi/lib/thumb/v7e-m/nofp\libg_nano.a(libc_a-reent.o)
 .text          0x00000000        0x0 c:/ST/GCC/bin/../lib/gcc/arm-none-eabi/13.3.1/../../../../arm-none-eabi/lib/thumb/v7e-m/nofp\libnosys.a(sbrk.o)
 .data          0x00000000        0x0 c:/ST/GCC/bin/../lib/gcc/arm-none-eabi/13.3.1/../../../../arm-none-eabi/lib/thumb/v7e-m/nofp\libnosys.a(sbrk.o)
 .bss           0x00000000        0x0 c:/ST/GCC/bin/../lib/gcc/arm-none-eabi/13.3.1/../../../../arm-none-eabi/lib/thumb/v7e-m/nofp\libnosys.a(sbrk.o)
 .text._sbrk    0x00000000       0x1c c:/ST/GCC/bin/../lib/gcc/arm-none-eabi/13.3.1/../../../../arm-none-eabi/lib/thumb/v7e-m/nofp\libnosys.a(sbrk.o)
 .bss.heap_end.0
                0x00000000        0x4 c:/ST/GCC/bin/../lib/gcc/arm-none-eabi/13.3.1/../../../../arm-none-eabi/lib/thumb/v7e-m/nofp\libnosys.a(sbrk.o)
 .debug_frame   0x00000000       0x20 c:/ST/GCC/bin/../lib/gcc/arm-none-eabi/13.3.1/../../../../arm-none-eabi/lib/thumb/v7e-m/nofp\libnosys.a(sbrk.o)
 .ARM.attributes
                0x00000000       0x2e c:/ST/GCC/bin/../lib/gcc/arm-none-eabi/13.3.1/../../../../arm-none-eabi/lib/thumb/v7e-m/nofp\libnosys.a(sbrk.o)

Memory Configuration

Name             Origin             Length             Attributes
FLASH            0x08000000         0x00020000         xr
RAM              0x20000000         0x00008000         xrw
*default*        0x00000000         0xffffffff

Linker script and memory map

LOAD CMakeFiles/firmware.elf.dir/src/arduino_sensor.cpp.obj
LOAD CMakeFiles/firmware.elf.dir/src/button.cpp.obj
LOAD CMakeFiles/firmware.elf.dir/src/crt_stubs.c.obj
LOAD CMakeFiles/firmware.elf.dir/src/gpio.cpp.obj
LOAD CMakeFiles/firmware.elf.dir/src/isr.cpp.obj
LOAD CMakeFiles/firmware.elf.dir/src/main.cpp.obj
LOAD CMakeFiles/firmware.elf.dir/src/system_stm32g4xx.c.obj
LOAD CMakeFiles/firmware.elf.dir/src/systick.cpp.obj
LOAD CMakeFiles/firmware.elf.dir/src/uart.cpp.obj
LOAD CMakeFiles/firmware.elf.dir/startup_stm32g431xx.s.obj
LOAD c:/ST/GCC/bin/../lib/gcc/arm-none-eabi/13.3.1/../../../../arm-none-eabi/lib/thumb/v7e-m/nofp\libstdc++_nano.a
LOAD c:/ST/GCC/bin/../lib/gcc/arm-none-eabi/13.3.1/../../../../arm-none-eabi/lib/thumb/v7e-m/nofp\libm.a
START GROUP
LOAD c:/ST/GCC/bin/../lib/gcc/arm-none-eabi/13.3.1/thumb/v7e-m/nofp\libgcc.a
LOAD c:/ST/GCC/bin/../lib/gcc/arm-none-eabi/13.3.1/../../../../arm-none-eabi/lib/thumb/v7e-m/nofp\libg_nano.a
LOAD c:/ST/GCC/bin/../lib/gcc/arm-none-eabi/13.3.1/../../../../arm-none-eabi/lib/thumb/v7e-m/nofp\libc_nano.a
END GROUP
START GROUP
LOAD c:/ST/GCC/bin/../lib/gcc/arm-none-eabi/13.3.1/thumb/v7e-m/nofp\libgcc.a
LOAD c:/ST/GCC/bin/../lib/gcc/arm-none-eabi/13.3.1/../../../../arm-none-eabi/lib/thumb/v7e-m/nofp\libc_nano.a
LOAD c:/ST/GCC/bin/../lib/gcc/arm-none-eabi/13.3.1/../../../../arm-none-eabi/lib/thumb/v7e-m/nofp\libnosys.a
END GROUP
START GROUP
LOAD c:/ST/GCC/bin/../lib/gcc/arm-none-eabi/13.3.1/thumb/v7e-m/nofp\libgcc.a
LOAD c:/ST/GCC/bin/../lib/gcc/arm-none-eabi/13.3.1/../../../../arm-none-eabi/lib/thumb/v7e-m/nofp\libc_nano.a
LOAD c:/ST/GCC/bin/../lib/gcc/arm-none-eabi/13.3.1/../../../../arm-none-eabi/lib/thumb/v7e-m/nofp\libnosys.a
END GROUP
                0x20008000                        _estack = (ORIGIN (RAM) + LENGTH (RAM))

.isr_vector     0x08000000      0x1d8
 *(.isr_vector)
 .isr_vector    0x08000000      0x1d8 CMakeFiles/firmware.elf.dir/startup_stm32g431xx.s.obj
                0x08000000                g_pfnVectors

.text           0x080001d8      0x968
 *(.text*)
 .text._ZN13ArduinoSensorD2Ev
                0x080001d8        0x4 CMakeFiles/firmware.elf.dir/src/arduino_sensor.cpp.obj
                0x080001d8                ArduinoSensor::~ArduinoSensor()
                0x080001d8                ArduinoSensor::~ArduinoSensor()
 .text._ZN13ArduinoSensorD0Ev
                0x080001dc       0x10 CMakeFiles/firmware.elf.dir/src/arduino_sensor.cpp.obj
                0x080001dc                ArduinoSensor::~ArduinoSensor()
 .text._ZN13ArduinoSensorC2ER3I2CILi1ELm128000000ELm100000ELm100000EEhh
                0x080001ec       0x10 CMakeFiles/firmware.elf.dir/src/arduino_sensor.cpp.obj
                0x080001ec                ArduinoSensor::ArduinoSensor(I2C<1, 128000000ul, 100000ul, 100000ul>&, unsigned char, unsigned char)
                0x080001ec                ArduinoSensor::ArduinoSensor(I2C<1, 128000000ul, 100000ul, 100000ul>&, unsigned char, unsigned char)
 .text._ZN3I2CILi1ELm128000000ELm100000ELm100000EE10write_readEhhRh
                0x080001fc      0x1b8 CMakeFiles/firmware.elf.dir/src/arduino_sensor.cpp.obj
                0x080001fc                I2C<1, 128000000ul, 100000ul, 100000ul>::write_read(unsigned char, unsigned char, unsigned char&)
 .text._ZN13ArduinoSensor4readERm
                0x080003b4       0x58 CMakeFiles/firmware.elf.dir/src/arduino_sensor.cpp.obj
                0x080003b4                ArduinoSensor::read(unsigned long&)
 .text._ZN13ArduinoSensor4initEv
                0x0800040c      0x114 CMakeFiles/firmware.elf.dir/src/arduino_sensor.cpp.obj
                0x0800040c                ArduinoSensor::init()
 .text._ZN6Button9handleIrqEv
                0x08000520       0x24 CMakeFiles/firmware.elf.dir/src/button.cpp.obj
                0x08000520                Button::handleIrq()
 .text._init    0x08000544        0x4 CMakeFiles/firmware.elf.dir/src/crt_stubs.c.obj
                0x08000544                _init
 .text._fini    0x08000548        0x4 CMakeFiles/firmware.elf.dir/src/crt_stubs.c.obj
                0x08000548                _fini
 .text.EXTI15_10_IRQHandler
                0x0800054c        0x4 CMakeFiles/firmware.elf.dir/src/isr.cpp.obj
                0x0800054c                EXTI15_10_IRQHandler
 .text._Z9blink_ledI4GpioILc65ELh5EL8GpioMode1EL9GpioSpeed0EL8GpioPull0EL6GpioAF0EL9GpioOType0EEEvRT_mm.isra.0
                0x08000550       0x44 CMakeFiles/firmware.elf.dir/src/main.cpp.obj
 .text._ZN4GpioILc65ELh5EL8GpioMode1EL9GpioSpeed0EL8GpioPull0EL6GpioAF0EL9GpioOType0EE4initEv
                0x08000594       0x40 CMakeFiles/firmware.elf.dir/src/main.cpp.obj
                0x08000594                Gpio<(char)65, (unsigned char)5, (GpioMode)1, (GpioSpeed)0, (GpioPull)0, (GpioAF)0, (GpioOType)0>::init()
 .text.startup.main
                0x080005d4      0x1fc CMakeFiles/firmware.elf.dir/src/main.cpp.obj
                0x080005d4                main
 .text.SystemCoreClockUpdate
                0x080007d0       0x84 CMakeFiles/firmware.elf.dir/src/system_stm32g4xx.c.obj
                0x080007d0                SystemCoreClockUpdate
 .text.SystemInit
                0x08000854       0x90 CMakeFiles/firmware.elf.dir/src/system_stm32g4xx.c.obj
                0x08000854                SystemInit
 .text.SysTick_Handler
                0x080008e4       0x10 CMakeFiles/firmware.elf.dir/src/systick.cpp.obj
                0x080008e4                SysTick_Handler
 .text._Z12systick_initm
                0x080008f4       0x20 CMakeFiles/firmware.elf.dir/src/systick.cpp.obj
                0x080008f4                systick_init(unsigned long)
 .text._Z6millisv
                0x08000914        0xc CMakeFiles/firmware.elf.dir/src/systick.cpp.obj
                0x08000914                millis()
 .text._Z3dueRmm
                0x08000920       0x18 CMakeFiles/firmware.elf.dir/src/systick.cpp.obj
                0x08000920                due(unsigned long&, unsigned long)
 .text.Reset_Handler
                0x08000938       0x50 CMakeFiles/firmware.elf.dir/startup_stm32g431xx.s.obj
                0x08000938                Reset_Handler
 .text.Default_Handler
                0x08000988        0x2 CMakeFiles/firmware.elf.dir/startup_stm32g431xx.s.obj
                0x08000988                RTC_Alarm_IRQHandler
                0x08000988                EXTI2_IRQHandler
                0x08000988                TIM8_TRG_COM_IRQHandler
                0x08000988                TIM8_CC_IRQHandler
                0x08000988                DebugMon_Handler
                0x08000988                TIM1_CC_IRQHandler
                0x08000988                HardFault_Handler
                0x08000988                USB_HP_IRQHandler
                0x08000988                CORDIC_IRQHandler
                0x08000988                PendSV_Handler
                0x08000988                NMI_Handler
                0x08000988                EXTI3_IRQHandler
                0x08000988                I2C3_ER_IRQHandler
                0x08000988                EXTI0_IRQHandler
                0x08000988                I2C2_EV_IRQHandler
                0x08000988                FPU_IRQHandler
                0x08000988                FDCAN1_IT1_IRQHandler
                0x08000988                TIM1_UP_TIM16_IRQHandler
                0x08000988                UsageFault_Handler
                0x08000988                ADC1_2_IRQHandler
                0x08000988                SPI1_IRQHandler
                0x08000988                TIM6_DAC_IRQHandler
                0x08000988                TIM8_UP_IRQHandler
                0x08000988                DMA2_Channel2_IRQHandler
                0x08000988                DMA1_Channel4_IRQHandler
                0x08000988                USART3_IRQHandler
                0x08000988                TIM4_IRQHandler
                0x08000988                DMA2_Channel1_IRQHandler
                0x08000988                I2C1_EV_IRQHandler
                0x08000988                DMA1_Channel6_IRQHandler
                0x08000988                UART4_IRQHandler
                0x08000988                DMA2_Channel4_IRQHandler
                0x08000988                TIM3_IRQHandler
                0x08000988                RCC_IRQHandler
                0x08000988                DMA1_Channel1_IRQHandler
                0x08000988                Default_Handler
                0x08000988                RTC_TAMP_LSECSS_IRQHandler
                0x08000988                FMAC_IRQHandler
                0x08000988                TIM7_IRQHandler
                0x08000988                UCPD1_IRQHandler
                0x08000988                I2C3_EV_IRQHandler
                0x08000988                EXTI9_5_IRQHandler
                0x08000988                RTC_WKUP_IRQHandler
                0x08000988                PVD_PVM_IRQHandler
                0x08000988                SPI2_IRQHandler
                0x08000988                MemManage_Handler
                0x08000988                SVC_Handler
                0x08000988                DMA2_Channel5_IRQHandler
                0x08000988                CRS_IRQHandler
                0x08000988                DMA1_Channel5_IRQHandler
                0x08000988                USB_LP_IRQHandler
                0x08000988                EXTI4_IRQHandler
                0x08000988                RNG_IRQHandler
                0x08000988                TIM1_TRG_COM_TIM17_IRQHandler
                0x08000988                DMA1_Channel3_IRQHandler
                0x08000988                WWDG_IRQHandler
                0x08000988                LPUART1_IRQHandler
                0x08000988                DMA2_Channel6_IRQHandler
                0x08000988                FDCAN1_IT0_IRQHandler
                0x08000988                TIM2_IRQHandler
                0x08000988                COMP1_2_3_IRQHandler
                0x08000988                EXTI1_IRQHandler
                0x08000988                USART2_IRQHandler
                0x08000988                I2C2_ER_IRQHandler
                0x08000988                DMA1_Channel2_IRQHandler
                0x08000988                TIM8_BRK_IRQHandler
                0x08000988                FLASH_IRQHandler
                0x08000988                BusFault_Handler
                0x08000988                USART1_IRQHandler
                0x08000988                SPI3_IRQHandler
                0x08000988                I2C1_ER_IRQHandler
                0x08000988                LPTIM1_IRQHandler
                0x08000988                DMAMUX_OVR_IRQHandler
                0x08000988                USBWakeUp_IRQHandler
                0x08000988                SAI1_IRQHandler
                0x08000988                DMA2_Channel3_IRQHandler
                0x08000988                COMP4_IRQHandler
                0x08000988                TIM1_BRK_TIM15_IRQHandler
 .text._ZdlPvj  0x0800098a        0x4 c:/ST/GCC/bin/../lib/gcc/arm-none-eabi/13.3.1/../../../../arm-none-eabi/lib/thumb/v7e-m/nofp\libstdc++_nano.a(del_ops.o)
                0x0800098a                operator delete(void*, unsigned int)
 .text._ZdlPv   0x0800098e        0x4 c:/ST/GCC/bin/../lib/gcc/arm-none-eabi/13.3.1/../../../../arm-none-eabi/lib/thumb/v7e-m/nofp\libstdc++_nano.a(del_op.o)
                0x0800098e                operator delete(void*)
 *fill*         0x08000992        0x2 
 .text.free     0x08000994       0x10 c:/ST/GCC/bin/../lib/gcc/arm-none-eabi/13.3.1/../../../../arm-none-eabi/lib/thumb/v7e-m/nofp\libg_nano.a(libc_a-malloc.o)
                0x08000994                free
 .text.__malloc_lock
                0x080009a4        0xc c:/ST/GCC/bin/../lib/gcc/arm-none-eabi/13.3.1/../../../../arm-none-eabi/lib/thumb/v7e-m/nofp\libg_nano.a(libc_a-mlock.o)
                0x080009a4                __malloc_lock
 .text.__malloc_unlock
                0x080009b0        0xc c:/ST/GCC/bin/../lib/gcc/arm-none-eabi/13.3.1/../../../../arm-none-eabi/lib/thumb/v7e-m/nofp\libg_nano.a(libc_a-mlock.o)
                0x080009b0                __malloc_unlock
 .text.__libc_init_array
                0x080009bc       0x48 c:/ST/GCC/bin/../lib/gcc/arm-none-eabi/13.3.1/../../../../arm-none-eabi/lib/thumb/v7e-m/nofp\libg_nano.a(libc_a-init.o)
                0x080009bc                __libc_init_array
 .text.__retarget_lock_acquire_recursive
                0x08000a04        0x2 c:/ST/GCC/bin/../lib/gcc/arm-none-eabi/13.3.1/../../../../arm-none-eabi/lib/thumb/v7e-m/nofp\libg_nano.a(libc_a-lock.o)
                0x08000a04                __retarget_lock_acquire_recursive
 .text.__retarget_lock_release_recursive
                0x08000a06        0x2 c:/ST/GCC/bin/../lib/gcc/arm-none-eabi/13.3.1/../../../../arm-none-eabi/lib/thumb/v7e-m/nofp\libg_nano.a(libc_a-lock.o)
                0x08000a06                __retarget_lock_release_recursive
 .text._free_r  0x08000a08       0x94 c:/ST/GCC/bin/../lib/gcc/arm-none-eabi/13.3.1/../../../../arm-none-eabi/lib/thumb/v7e-m/nofp\libg_nano.a(libc_a-freer.o)
                0x08000a08                _free_r
 *(.rodata*)
 .rodata._ZTV13ArduinoSensor
                0x08000a9c       0x18 CMakeFiles/firmware.elf.dir/src/arduino_sensor.cpp.obj
                0x08000a9c                vtable for ArduinoSensor
 .rodata        0x08000ab4       0x7c CMakeFiles/firmware.elf.dir/src/main.cpp.obj
 .rodata.AHBPrescTable
                0x08000b30       0x10 CMakeFiles/firmware.elf.dir/src/system_stm32g4xx.c.obj
                0x08000b30                AHBPrescTable

.glue_7         0x08000b40        0x0
 .glue_7        0x08000b40        0x0 linker stubs

.glue_7t        0x08000b40        0x0
 .glue_7t       0x08000b40        0x0 linker stubs

.vfp11_veneer   0x08000b40        0x0
 .vfp11_veneer  0x08000b40        0x0 linker stubs

.v4_bx          0x08000b40        0x0
 .v4_bx         0x08000b40        0x0 linker stubs

.iplt           0x08000b40        0x0
 .iplt          0x08000b40        0x0 CMakeFiles/firmware.elf.dir/src/arduino_sensor.cpp.obj

.rel.dyn        0x08000b40        0x0
 .rel.iplt      0x08000b40        0x0 CMakeFiles/firmware.elf.dir/src/arduino_sensor.cpp.obj

.data           0x20000000       0x54 load address 0x08000b40
                0x20000000                        _sdata = .
 *(.data*)
 .data.SystemCoreClock
                0x20000000        0x4 CMakeFiles/firmware.elf.dir/src/system_stm32g4xx.c.obj
                0x20000000                SystemCoreClock
 .data._impure_ptr
                0x20000004        0x4 c:/ST/GCC/bin/../lib/gcc/arm-none-eabi/13.3.1/../../../../arm-none-eabi/lib/thumb/v7e-m/nofp\libg_nano.a(libc_a-impure.o)
                0x20000004                _impure_ptr
 .data._impure_data
                0x20000008       0x4c c:/ST/GCC/bin/../lib/gcc/arm-none-eabi/13.3.1/../../../../arm-none-eabi/lib/thumb/v7e-m/nofp\libg_nano.a(libc_a-impure.o)
                0x20000008                _impure_data
                0x20000054                        _edata = .

.igot.plt       0x20000054        0x0 load address 0x08000b94
 .igot.plt      0x20000054        0x0 CMakeFiles/firmware.elf.dir/src/arduino_sensor.cpp.obj

.bss            0x20000054       0x15 load address 0x08000b94
                0x20000054                        _sbss = .
 *(.bss*)
 .bss._ZN6Button8handler_E
                0x20000054        0x4 CMakeFiles/firmware.elf.dir/src/button.cpp.obj
                0x20000054                Button::handler_
 .bss._ZZ9blink_ledI4GpioILc65ELh5EL8GpioMode1EL9GpioSpeed0EL8GpioPull0EL6GpioAF0EL9GpioOType0EEEvRT_mmE2on
                0x20000058        0x1 CMakeFiles/firmware.elf.dir/src/main.cpp.obj
 *fill*         0x20000059        0x3 
 .bss._ZZ9blink_ledI4GpioILc65ELh5EL8GpioMode1EL9GpioSpeed0EL8GpioPull0EL6GpioAF0EL9GpioOType0EEEvRT_mmE4last
                0x2000005c        0x4 CMakeFiles/firmware.elf.dir/src/main.cpp.obj
 .bss.g_ms      0x20000060        0x4 CMakeFiles/firmware.elf.dir/src/systick.cpp.obj
                0x20000060                g_ms
 .bss.__malloc_free_list
                0x20000064        0x4 c:/ST/GCC/bin/../lib/gcc/arm-none-eabi/13.3.1/../../../../arm-none-eabi/lib/thumb/v7e-m/nofp\libg_nano.a(libc_a-mallocr.o)
                0x20000064                __malloc_free_list
 .bss.__lock___malloc_recursive_mutex
                0x20000068        0x1 c:/ST/GCC/bin/../lib/gcc/arm-none-eabi/13.3.1/../../../../arm-none-eabi/lib/thumb/v7e-m/nofp\libg_nano.a(libc_a-lock.o)
                0x20000068                __lock___malloc_recursive_mutex
                0x20000069                        _ebss = .
                0x08000b40                        _sidata = LOADADDR (.data)
OUTPUT(firmware.elf elf32-littlearm)
LOAD linker stubs

.debug_info     0x00000000     0x8a87
 .debug_info    0x00000000     0x2866 CMakeFiles/firmware.elf.dir/src/arduino_sensor.cpp.obj
 .debug_info    0x00002866      0x828 CMakeFiles/firmware.elf.dir/src/button.cpp.obj
 .debug_info    0x0000308e       0x47 CMakeFiles/firmware.elf.dir/src/crt_stubs.c.obj
 .debug_info    0x000030d5      0x3df CMakeFiles/firmware.elf.dir/src/isr.cpp.obj
 .debug_info    0x000034b4     0x2148 CMakeFiles/firmware.elf.dir/src/main.cpp.obj
 .debug_info    0x000055fc      0x473 CMakeFiles/firmware.elf.dir/src/system_stm32g4xx.c.obj
 .debug_info    0x00005a6f      0x498 CMakeFiles/firmware.elf.dir/src/systick.cpp.obj
 .debug_info    0x00005f07       0x30 CMakeFiles/firmware.elf.dir/startup_stm32g431xx.s.obj
 .debug_info    0x00005f37      0x7a0 c:/ST/GCC/bin/../lib/gcc/arm-none-eabi/13.3.1/../../../../arm-none-eabi/lib/thumb/v7e-m/nofp\libg_nano.a(libc_a-malloc.o)
 .debug_info    0x000066d7      0x9bc c:/ST/GCC/bin/../lib/gcc/arm-none-eabi/13.3.1/../../../../arm-none-eabi/lib/thumb/v7e-m/nofp\libg_nano.a(libc_a-mallocr.o)
 .debug_info    0x00007093      0x76b c:/ST/GCC/bin/../lib/gcc/arm-none-eabi/13.3.1/../../../../arm-none-eabi/lib/thumb/v7e-m/nofp\libg_nano.a(libc_a-mlock.o)
 .debug_info    0x000077fe      0x715 c:/ST/GCC/bin/../lib/gcc/arm-none-eabi/13.3.1/../../../../arm-none-eabi/lib/thumb/v7e-m/nofp\libg_nano.a(libc_a-impure.o)
 .debug_info    0x00007f13      0x10b c:/ST/GCC/bin/../lib/gcc/arm-none-eabi/13.3.1/../../../../arm-none-eabi/lib/thumb/v7e-m/nofp\libg_nano.a(libc_a-init.o)
 .debug_info    0x0000801e      0x218 c:/ST/GCC/bin/../lib/gcc/arm-none-eabi/13.3.1/../../../../arm-none-eabi/lib/thumb/v7e-m/nofp\libg_nano.a(libc_a-lock.o)
 .debug_info    0x00008236      0x851 c:/ST/GCC/bin/../lib/gcc/arm-none-eabi/13.3.1/../../../../arm-none-eabi/lib/thumb/v7e-m/nofp\libg_nano.a(libc_a-freer.o)

.debug_abbrev   0x00000000     0x2242
 .debug_abbrev  0x00000000      0x867 CMakeFiles/firmware.elf.dir/src/arduino_sensor.cpp.obj
 .debug_abbrev  0x00000867      0x2ee CMakeFiles/firmware.elf.dir/src/button.cpp.obj
 .debug_abbrev  0x00000b55       0x47 CMakeFiles/firmware.elf.dir/src/crt_stubs.c.obj
 .debug_abbrev  0x00000b9c       0xef CMakeFiles/firmware.elf.dir/src/isr.cpp.obj
 .debug_abbrev  0x00000c8b      0x7c3 CMakeFiles/firmware.elf.dir/src/main.cpp.obj
 .debug_abbrev  0x0000144e      0x130 CMakeFiles/firmware.elf.dir/src/system_stm32g4xx.c.obj
 .debug_abbrev  0x0000157e      0x16b CMakeFiles/firmware.elf.dir/src/systick.cpp.obj
 .debug_abbrev  0x000016e9       0x24 CMakeFiles/firmware.elf.dir/startup_stm32g431xx.s.obj
 .debug_abbrev  0x0000170d      0x1cf c:/ST/GCC/bin/../lib/gcc/arm-none-eabi/13.3.1/../../../../arm-none-eabi/lib/thumb/v7e-m/nofp\libg_nano.a(libc_a-malloc.o)
 .debug_abbrev  0x000018dc      0x24a c:/ST/GCC/bin/../lib/gcc/arm-none-eabi/13.3.1/../../../../arm-none-eabi/lib/thumb/v7e-m/nofp\libg_nano.a(libc_a-mallocr.o)
 .debug_abbrev  0x00001b26      0x1bf c:/ST/GCC/bin/../lib/gcc/arm-none-eabi/13.3.1/../../../../arm-none-eabi/lib/thumb/v7e-m/nofp\libg_nano.a(libc_a-mlock.o)
 .debug_abbrev  0x00001ce5      0x149 c:/ST/GCC/bin/../lib/gcc/arm-none-eabi/13.3.1/../../../../arm-none-eabi/lib/thumb/v7e-m/nofp\libg_nano.a(libc_a-impure.o)
 .debug_abbrev  0x00001e2e       0xc9 c:/ST/GCC/bin/../lib/gcc/arm-none-eabi/13.3.1/../../../../arm-none-eabi/lib/thumb/v7e-m/nofp\libg_nano.a(libc_a-init.o)
 .debug_abbrev  0x00001ef7      0x115 c:/ST/GCC/bin/../lib/gcc/arm-none-eabi/13.3.1/../../../../arm-none-eabi/lib/thumb/v7e-m/nofp\libg_nano.a(libc_a-lock.o)
 .debug_abbrev  0x0000200c      0x236 c:/ST/GCC/bin/../lib/gcc/arm-none-eabi/13.3.1/../../../../arm-none-eabi/lib/thumb/v7e-m/nofp\libg_nano.a(libc_a-freer.o)

.debug_loclists
                0x00000000     0x1097
 .debug_loclists
                0x00000000      0x6ff CMakeFiles/firmware.elf.dir/src/arduino_sensor.cpp.obj
 .debug_loclists
                0x000006ff       0x6c CMakeFiles/firmware.elf.dir/src/button.cpp.obj
 .debug_loclists
                0x0000076b      0x422 CMakeFiles/firmware.elf.dir/src/main.cpp.obj
 .debug_loclists
                0x00000b8d       0x7e CMakeFiles/firmware.elf.dir/src/system_stm32g4xx.c.obj
 .debug_loclists
                0x00000c0b       0x6b CMakeFiles/firmware.elf.dir/src/systick.cpp.obj
 .debug_loclists
                0x00000c76       0x54 c:/ST/GCC/bin/../lib/gcc/arm-none-eabi/13.3.1/../../../../arm-none-eabi/lib/thumb/v7e-m/nofp\libg_nano.a(libc_a-malloc.o)
 .debug_loclists
                0x00000cca      0x23a c:/ST/GCC/bin/../lib/gcc/arm-none-eabi/13.3.1/../../../../arm-none-eabi/lib/thumb/v7e-m/nofp\libg_nano.a(libc_a-mallocr.o)
 .debug_loclists
                0x00000f04       0x46 c:/ST/GCC/bin/../lib/gcc/arm-none-eabi/13.3.1/../../../../arm-none-eabi/lib/thumb/v7e-m/nofp\libg_nano.a(libc_a-mlock.o)
 .debug_loclists
                0x00000f4a       0x44 c:/ST/GCC/bin/../lib/gcc/arm-none-eabi/13.3.1/../../../../arm-none-eabi/lib/thumb/v7e-m/nofp\libg_nano.a(libc_a-init.o)
 .debug_loclists
                0x00000f8e       0x29 c:/ST/GCC/bin/../lib/gcc/arm-none-eabi/13.3.1/../../../../arm-none-eabi/lib/thumb/v7e-m/nofp\libg_nano.a(libc_a-lock.o)
 .debug_loclists
                0x00000fb7       0xe0 c:/ST/GCC/bin/../lib/gcc/arm-none-eabi/13.3.1/../../../../arm-none-eabi/lib/thumb/v7e-m/nofp\libg_nano.a(libc_a-freer.o)

.debug_aranges  0x00000000      0x2b0
 .debug_aranges
                0x00000000       0x50 CMakeFiles/firmware.elf.dir/src/arduino_sensor.cpp.obj
 .debug_aranges
                0x00000050       0x28 CMakeFiles/firmware.elf.dir/src/button.cpp.obj
 .debug_aranges
                0x00000078       0x28 CMakeFiles/firmware.elf.dir/src/crt_stubs.c.obj
 .debug_aranges
                0x000000a0       0x20 CMakeFiles/firmware.elf.dir/src/isr.cpp.obj
 .debug_aranges
                0x000000c0       0x30 CMakeFiles/firmware.elf.dir/src/main.cpp.obj
 .debug_aranges
                0x000000f0       0x28 CMakeFiles/firmware.elf.dir/src/system_stm32g4xx.c.obj
 .debug_aranges
                0x00000118       0x38 CMakeFiles/firmware.elf.dir/src/systick.cpp.obj
 .debug_aranges
                0x00000150       0x28 CMakeFiles/firmware.elf.dir/startup_stm32g431xx.s.obj
 .debug_aranges
                0x00000178       0x28 c:/ST/GCC/bin/../lib/gcc/arm-none-eabi/13.3.1/../../../../arm-none-eabi/lib/thumb/v7e-m/nofp\libg_nano.a(libc_a-malloc.o)
 .debug_aranges
                0x000001a0       0x28 c:/ST/GCC/bin/../lib/gcc/arm-none-eabi/13.3.1/../../../../arm-none-eabi/lib/thumb/v7e-m/nofp\libg_nano.a(libc_a-mallocr.o)
 .debug_aranges
                0x000001c8       0x28 c:/ST/GCC/bin/../lib/gcc/arm-none-eabi/13.3.1/../../../../arm-none-eabi/lib/thumb/v7e-m/nofp\libg_nano.a(libc_a-mlock.o)
 .debug_aranges
                0x000001f0       0x18 c:/ST/GCC/bin/../lib/gcc/arm-none-eabi/13.3.1/../../../../arm-none-eabi/lib/thumb/v7e-m/nofp\libg_nano.a(libc_a-impure.o)
 .debug_aranges
                0x00000208       0x20 c:/ST/GCC/bin/../lib/gcc/arm-none-eabi/13.3.1/../../../../arm-none-eabi/lib/thumb/v7e-m/nofp\libg_nano.a(libc_a-init.o)
 .debug_aranges
                0x00000228       0x68 c:/ST/GCC/bin/../lib/gcc/arm-none-eabi/13.3.1/../../../../arm-none-eabi/lib/thumb/v7e-m/nofp\libg_nano.a(libc_a-lock.o)
 .debug_aranges
                0x00000290       0x20 c:/ST/GCC/bin/../lib/gcc/arm-none-eabi/13.3.1/../../../../arm-none-eabi/lib/thumb/v7e-m/nofp\libg_nano.a(libc_a-freer.o)

.debug_rnglists
                0x00000000      0x4f3
 .debug_rnglists
                0x00000000      0x26a CMakeFiles/firmware.elf.dir/src/arduino_sensor.cpp.obj
 .debug_rnglists
                0x0000026a       0x25 CMakeFiles/firmware.elf.dir/src/button.cpp.obj
 .debug_rnglists
                0x0000028f       0x19 CMakeFiles/firmware.elf.dir/src/crt_stubs.c.obj
 .debug_rnglists
                0x000002a8       0x13 CMakeFiles/firmware.elf.dir/src/isr.cpp.obj
 .debug_rnglists
                0x000002bb      0x111 CMakeFiles/firmware.elf.dir/src/main.cpp.obj
 .debug_rnglists
                0x000003cc       0x1b CMakeFiles/firmware.elf.dir/src/system_stm32g4xx.c.obj
 .debug_rnglists
                0x000003e7       0x25 CMakeFiles/firmware.elf.dir/src/systick.cpp.obj
 .debug_rnglists
                0x0000040c       0x19 CMakeFiles/firmware.elf.dir/startup_stm32g431xx.s.obj
 .debug_rnglists
                0x00000425       0x19 c:/ST/GCC/bin/../lib/gcc/arm-none-eabi/13.3.1/../../../../arm-none-eabi/lib/thumb/v7e-m/nofp\libg_nano.a(libc_a-malloc.o)
 .debug_rnglists
                0x0000043e       0x2c c:/ST/GCC/bin/../lib/gcc/arm-none-eabi/13.3.1/../../../../arm-none-eabi/lib/thumb/v7e-m/nofp\libg_nano.a(libc_a-mallocr.o)
 .debug_rnglists
                0x0000046a       0x19 c:/ST/GCC/bin/../lib/gcc/arm-none-eabi/13.3.1/../../../../arm-none-eabi/lib/thumb/v7e-m/nofp\libg_nano.a(libc_a-mlock.o)
 .debug_rnglists
                0x00000483       0x13 c:/ST/GCC/bin/../lib/gcc/arm-none-eabi/13.3.1/../../../../arm-none-eabi/lib/thumb/v7e-m/nofp\libg_nano.a(libc_a-init.o)
 .debug_rnglists
                0x00000496       0x49 c:/ST/GCC/bin/../lib/gcc/arm-none-eabi/13.3.1/../../../../arm-none-eabi/lib/thumb/v7e-m/nofp\libg_nano.a(libc_a-lock.o)
 .debug_rnglists
                0x000004df       0x14 c:/ST/GCC/bin/../lib/gcc/arm-none-eabi/13.3.1/../../../../arm-none-eabi/lib/thumb/v7e-m/nofp\libg_nano.a(libc_a-freer.o)

.debug_line     0x00000000     0x3572
 .debug_line    0x00000000      0xcbb CMakeFiles/firmware.elf.dir/src/arduino_sensor.cpp.obj
 .debug_line    0x00000cbb      0x34b CMakeFiles/firmware.elf.dir/src/button.cpp.obj
 .debug_line    0x00001006       0x7a CMakeFiles/firmware.elf.dir/src/crt_stubs.c.obj
 .debug_line    0x00001080      0x2c7 CMakeFiles/firmware.elf.dir/src/isr.cpp.obj
 .debug_line    0x00001347      0xace CMakeFiles/firmware.elf.dir/src/main.cpp.obj
 .debug_line    0x00001e15      0x32c CMakeFiles/firmware.elf.dir/src/system_stm32g4xx.c.obj
 .debug_line    0x00002141      0x368 CMakeFiles/firmware.elf.dir/src/systick.cpp.obj
 .debug_line    0x000024a9       0x7b CMakeFiles/firmware.elf.dir/startup_stm32g431xx.s.obj
 .debug_line    0x00002524      0x201 c:/ST/GCC/bin/../lib/gcc/arm-none-eabi/13.3.1/../../../../arm-none-eabi/lib/thumb/v7e-m/nofp\libg_nano.a(libc_a-malloc.o)
 .debug_line    0x00002725      0x4e5 c:/ST/GCC/bin/../lib/gcc/arm-none-eabi/13.3.1/../../../../arm-none-eabi/lib/thumb/v7e-m/nofp\libg_nano.a(libc_a-mallocr.o)
 .debug_line    0x00002c0a      0x1ed c:/ST/GCC/bin/../lib/gcc/arm-none-eabi/13.3.1/../../../../arm-none-eabi/lib/thumb/v7e-m/nofp\libg_nano.a(libc_a-mlock.o)
 .debug_line    0x00002df7      0x163 c:/ST/GCC/bin/../lib/gcc/arm-none-eabi/13.3.1/../../../../arm-none-eabi/lib/thumb/v7e-m/nofp\libg_nano.a(libc_a-impure.o)
 .debug_line    0x00002f5a      0x170 c:/ST/GCC/bin/../lib/gcc/arm-none-eabi/13.3.1/../../../../arm-none-eabi/lib/thumb/v7e-m/nofp\libg_nano.a(libc_a-init.o)
 .debug_line    0x000030ca      0x19b c:/ST/GCC/bin/../lib/gcc/arm-none-eabi/13.3.1/../../../../arm-none-eabi/lib/thumb/v7e-m/nofp\libg_nano.a(libc_a-lock.o)
 .debug_line    0x00003265      0x30d c:/ST/GCC/bin/../lib/gcc/arm-none-eabi/13.3.1/../../../../arm-none-eabi/lib/thumb/v7e-m/nofp\libg_nano.a(libc_a-freer.o)

.debug_str      0x00000000     0x3d00
 .debug_str     0x00000000     0x3d00 CMakeFiles/firmware.elf.dir/src/arduino_sensor.cpp.obj
                               0x232a (size before relaxing)
 .debug_str     0x00003d00      0x6e1 CMakeFiles/firmware.elf.dir/src/button.cpp.obj
 .debug_str     0x00003d00      0x14f CMakeFiles/firmware.elf.dir/src/crt_stubs.c.obj
 .debug_str     0x00003d00      0x47e CMakeFiles/firmware.elf.dir/src/isr.cpp.obj
 .debug_str     0x00003d00     0x22f5 CMakeFiles/firmware.elf.dir/src/main.cpp.obj
 .debug_str     0x00003d00      0x400 CMakeFiles/firmware.elf.dir/src/system_stm32g4xx.c.obj
 .debug_str     0x00003d00      0x4ad CMakeFiles/firmware.elf.dir/src/systick.cpp.obj
 .debug_str     0x00003d00       0x8a CMakeFiles/firmware.elf.dir/startup_stm32g431xx.s.obj
 .debug_str     0x00003d00      0x550 c:/ST/GCC/bin/../lib/gcc/arm-none-eabi/13.3.1/../../../../arm-none-eabi/lib/thumb/v7e-m/nofp\libg_nano.a(libc_a-malloc.o)
 .debug_str     0x00003d00      0x60c c:/ST/GCC/bin/../lib/gcc/arm-none-eabi/13.3.1/../../../../arm-none-eabi/lib/thumb/v7e-m/nofp\libg_nano.a(libc_a-mallocr.o)
 .debug_str     0x00003d00      0x5ad c:/ST/GCC/bin/../lib/gcc/arm-none-eabi/13.3.1/../../../../arm-none-eabi/lib/thumb/v7e-m/nofp\libg_nano.a(libc_a-mlock.o)
 .debug_str     0x00003d00      0x52b c:/ST/GCC/bin/../lib/gcc/arm-none-eabi/13.3.1/../../../../arm-none-eabi/lib/thumb/v7e-m/nofp\libg_nano.a(libc_a-impure.o)
 .debug_str     0x00003d00      0x26c c:/ST/GCC/bin/../lib/gcc/arm-none-eabi/13.3.1/../../../../arm-none-eabi/lib/thumb/v7e-m/nofp\libg_nano.a(libc_a-init.o)
 .debug_str     0x00003d00      0x3a2 c:/ST/GCC/bin/../lib/gcc/arm-none-eabi/13.3.1/../../../../arm-none-eabi/lib/thumb/v7e-m/nofp\libg_nano.a(libc_a-lock.o)
 .debug_str     0x00003d00      0x5ab c:/ST/GCC/bin/../lib/gcc/arm-none-eabi/13.3.1/../../../../arm-none-eabi/lib/thumb/v7e-m/nofp\libg_nano.a(libc_a-freer.o)

.comment        0x00000000       0x43
 .comment       0x00000000       0x43 CMakeFiles/firmware.elf.dir/src/arduino_sensor.cpp.obj
                                 0x44 (size before relaxing)
 .comment       0x00000043       0x44 CMakeFiles/firmware.elf.dir/src/button.cpp.obj
 .comment       0x00000043       0x44 CMakeFiles/firmware.elf.dir/src/crt_stubs.c.obj
 .comment       0x00000043       0x44 CMakeFiles/firmware.elf.dir/src/isr.cpp.obj
 .comment       0x00000043       0x44 CMakeFiles/firmware.elf.dir/src/main.cpp.obj
 .comment       0x00000043       0x44 CMakeFiles/firmware.elf.dir/src/system_stm32g4xx.c.obj
 .comment       0x00000043       0x44 CMakeFiles/firmware.elf.dir/src/systick.cpp.obj
 .comment       0x00000043       0x44 c:/ST/GCC/bin/../lib/gcc/arm-none-eabi/13.3.1/../../../../arm-none-eabi/lib/thumb/v7e-m/nofp\libg_nano.a(libc_a-malloc.o)
 .comment       0x00000043       0x44 c:/ST/GCC/bin/../lib/gcc/arm-none-eabi/13.3.1/../../../../arm-none-eabi/lib/thumb/v7e-m/nofp\libg_nano.a(libc_a-mallocr.o)
 .comment       0x00000043       0x44 c:/ST/GCC/bin/../lib/gcc/arm-none-eabi/13.3.1/../../../../arm-none-eabi/lib/thumb/v7e-m/nofp\libg_nano.a(libc_a-mlock.o)
 .comment       0x00000043       0x44 c:/ST/GCC/bin/../lib/gcc/arm-none-eabi/13.3.1/../../../../arm-none-eabi/lib/thumb/v7e-m/nofp\libg_nano.a(libc_a-impure.o)
 .comment       0x00000043       0x44 c:/ST/GCC/bin/../lib/gcc/arm-none-eabi/13.3.1/../../../../arm-none-eabi/lib/thumb/v7e-m/nofp\libg_nano.a(libc_a-init.o)
 .comment       0x00000043       0x44 c:/ST/GCC/bin/../lib/gcc/arm-none-eabi/13.3.1/../../../../arm-none-eabi/lib/thumb/v7e-m/nofp\libg_nano.a(libc_a-lock.o)
 .comment       0x00000043       0x44 c:/ST/GCC/bin/../lib/gcc/arm-none-eabi/13.3.1/../../../../arm-none-eabi/lib/thumb/v7e-m/nofp\libg_nano.a(libc_a-freer.o)

.ARM.attributes
                0x00000000       0x2c
 .ARM.attributes
                0x00000000       0x2e CMakeFiles/firmware.elf.dir/src/arduino_sensor.cpp.obj
 .ARM.attributes
                0x0000002e       0x2e CMakeFiles/firmware.elf.dir/src/button.cpp.obj
 .ARM.attributes
                0x0000005c       0x2e CMakeFiles/firmware.elf.dir/src/crt_stubs.c.obj
 .ARM.attributes
                0x0000008a       0x2e CMakeFiles/firmware.elf.dir/src/isr.cpp.obj
 .ARM.attributes
                0x000000b8       0x2e CMakeFiles/firmware.elf.dir/src/main.cpp.obj
 .ARM.attributes
                0x000000e6       0x2e CMakeFiles/firmware.elf.dir/src/system_stm32g4xx.c.obj
 .ARM.attributes
                0x00000114       0x2e CMakeFiles/firmware.elf.dir/src/systick.cpp.obj
 .ARM.attributes
                0x00000142       0x21 CMakeFiles/firmware.elf.dir/startup_stm32g431xx.s.obj
 .ARM.attributes
                0x00000163       0x2e c:/ST/GCC/bin/../lib/gcc/arm-none-eabi/13.3.1/../../../../arm-none-eabi/lib/thumb/v7e-m/nofp\libstdc++_nano.a(del_ops.o)
 .ARM.attributes
                0x00000191       0x2e c:/ST/GCC/bin/../lib/gcc/arm-none-eabi/13.3.1/../../../../arm-none-eabi/lib/thumb/v7e-m/nofp\libstdc++_nano.a(del_op.o)
 .ARM.attributes
                0x000001bf       0x2e c:/ST/GCC/bin/../lib/gcc/arm-none-eabi/13.3.1/../../../../arm-none-eabi/lib/thumb/v7e-m/nofp\libg_nano.a(libc_a-malloc.o)
 .ARM.attributes
                0x000001ed       0x2e c:/ST/GCC/bin/../lib/gcc/arm-none-eabi/13.3.1/../../../../arm-none-eabi/lib/thumb/v7e-m/nofp\libg_nano.a(libc_a-mallocr.o)
 .ARM.attributes
                0x0000021b       0x2e c:/ST/GCC/bin/../lib/gcc/arm-none-eabi/13.3.1/../../../../arm-none-eabi/lib/thumb/v7e-m/nofp\libg_nano.a(libc_a-mlock.o)
 .ARM.attributes
                0x00000249       0x2e c:/ST/GCC/bin/../lib/gcc/arm-none-eabi/13.3.1/../../../../arm-none-eabi/lib/thumb/v7e-m/nofp\libg_nano.a(libc_a-impure.o)
 .ARM.attributes
                0x00000277       0x2e c:/ST/GCC/bin/../lib/gcc/arm-none-eabi/13.3.1/../../../../arm-none-eabi/lib/thumb/v7e-m/nofp\libg_nano.a(libc_a-init.o)
 .ARM.attributes
                0x000002a5       0x2e c:/ST/GCC/bin/../lib/gcc/arm-none-eabi/13.3.1/../../../../arm-none-eabi/lib/thumb/v7e-m/nofp\libg_nano.a(libc_a-lock.o)
 .ARM.attributes
                0x000002d3       0x2e c:/ST/GCC/bin/../lib/gcc/arm-none-eabi/13.3.1/../../../../arm-none-eabi/lib/thumb/v7e-m/nofp\libg_nano.a(libc_a-freer.o)

.debug_frame    0x00000000      0x42c
 .debug_frame   0x00000000       0xc0 CMakeFiles/firmware.elf.dir/src/arduino_sensor.cpp.obj
 .debug_frame   0x000000c0       0x40 CMakeFiles/firmware.elf.dir/src/button.cpp.obj
 .debug_frame   0x00000100       0x30 CMakeFiles/firmware.elf.dir/src/crt_stubs.c.obj
 .debug_frame   0x00000130       0x20 CMakeFiles/firmware.elf.dir/src/isr.cpp.obj
 .debug_frame   0x00000150       0x58 CMakeFiles/firmware.elf.dir/src/main.cpp.obj
 .debug_frame   0x000001a8       0x30 CMakeFiles/firmware.elf.dir/src/system_stm32g4xx.c.obj
 .debug_frame   0x000001d8       0x50 CMakeFiles/firmware.elf.dir/src/systick.cpp.obj
 .debug_frame   0x00000228       0x20 c:/ST/GCC/bin/../lib/gcc/arm-none-eabi/13.3.1/../../../../arm-none-eabi/lib/thumb/v7e-m/nofp\libstdc++_nano.a(del_ops.o)
 .debug_frame   0x00000248       0x20 c:/ST/GCC/bin/../lib/gcc/arm-none-eabi/13.3.1/../../../../arm-none-eabi/lib/thumb/v7e-m/nofp\libstdc++_nano.a(del_op.o)
 .debug_frame   0x00000268       0x30 c:/ST/GCC/bin/../lib/gcc/arm-none-eabi/13.3.1/../../../../arm-none-eabi/lib/thumb/v7e-m/nofp\libg_nano.a(libc_a-malloc.o)
 .debug_frame   0x00000298       0x50 c:/ST/GCC/bin/../lib/gcc/arm-none-eabi/13.3.1/../../../../arm-none-eabi/lib/thumb/v7e-m/nofp\libg_nano.a(libc_a-mallocr.o)
 .debug_frame   0x000002e8       0x30 c:/ST/GCC/bin/../lib/gcc/arm-none-eabi/13.3.1/../../../../arm-none-eabi/lib/thumb/v7e-m/nofp\libg_nano.a(libc_a-mlock.o)
 .debug_frame   0x00000318       0x2c c:/ST/GCC/bin/../lib/gcc/arm-none-eabi/13.3.1/../../../../arm-none-eabi/lib/thumb/v7e-m/nofp\libg_nano.a(libc_a-init.o)
 .debug_frame   0x00000344       0xb0 c:/ST/GCC/bin/../lib/gcc/arm-none-eabi/13.3.1/../../../../arm-none-eabi/lib/thumb/v7e-m/nofp\libg_nano.a(libc_a-lock.o)
 .debug_frame   0x000003f4       0x38 c:/ST/GCC/bin/../lib/gcc/arm-none-eabi/13.3.1/../../../../arm-none-eabi/lib/thumb/v7e-m/nofp\libg_nano.a(libc_a-freer.o)

.debug_line_str
                0x00000000       0x6e
 .debug_line_str
                0x00000000       0x6e CMakeFiles/firmware.elf.dir/startup_stm32g431xx.s.obj
